Archive member included to satisfy reference by file (symbol)

app/libapp.a(main.c.obj)      (--whole-archive)
zephyr/libzephyr.a(soc_nrf_common.S.obj)
                              (--whole-archive)
zephyr/libzephyr.a(assert.c.obj)
                              (--whole-archive)
zephyr/libzephyr.a(bitarray.c.obj)
                              (--whole-archive)
zephyr/libzephyr.a(cbprintf.c.obj)
                              (--whole-archive)
zephyr/libzephyr.a(cbprintf_complete.c.obj)
                              (--whole-archive)
zephyr/libzephyr.a(cbprintf_packaged.c.obj)
                              (--whole-archive)
zephyr/libzephyr.a(configs.c.obj)
                              (--whole-archive)
zephyr/libzephyr.a(constraint.c.obj)
                              (--whole-archive)
zephyr/libzephyr.a(crc16_sw.c.obj)
                              (--whole-archive)
zephyr/libzephyr.a(crc32_sw.c.obj)
                              (--whole-archive)
zephyr/libzephyr.a(crc32c_sw.c.obj)
                              (--whole-archive)
zephyr/libzephyr.a(crc7_sw.c.obj)
                              (--whole-archive)
zephyr/libzephyr.a(crc8_sw.c.obj)
                              (--whole-archive)
zephyr/libzephyr.a(dec.c.obj)
                              (--whole-archive)
zephyr/libzephyr.a(fdtable.c.obj)
                              (--whole-archive)
zephyr/libzephyr.a(heap-validate.c.obj)
                              (--whole-archive)
zephyr/libzephyr.a(heap.c.obj)
                              (--whole-archive)
zephyr/libzephyr.a(hex.c.obj)
                              (--whole-archive)
zephyr/libzephyr.a(multi_heap.c.obj)
                              (--whole-archive)
zephyr/libzephyr.a(notify.c.obj)
                              (--whole-archive)
zephyr/libzephyr.a(nrf_cc3xx_platform_abort_zephyr.c.obj)
                              (--whole-archive)
zephyr/libzephyr.a(nrf_cc3xx_platform_mutex_zephyr.c.obj)
                              (--whole-archive)
zephyr/libzephyr.a(onoff.c.obj)
                              (--whole-archive)
zephyr/libzephyr.a(pm.c.obj)  (--whole-archive)
zephyr/libzephyr.a(printk.c.obj)
                              (--whole-archive)
zephyr/libzephyr.a(rb.c.obj)  (--whole-archive)
zephyr/libzephyr.a(reboot.c.obj)
                              (--whole-archive)
zephyr/libzephyr.a(residency.c.obj)
                              (--whole-archive)
zephyr/libzephyr.a(sem.c.obj)
                              (--whole-archive)
zephyr/libzephyr.a(thread_entry.c.obj)
                              (--whole-archive)
zephyr/libzephyr.a(timeutil.c.obj)
                              (--whole-archive)
zephyr/libzephyr.a(tracing_none.c.obj)
                              (--whole-archive)
zephyr/libzephyr.a(validate_base_addresses.c.obj)
                              (--whole-archive)
zephyr/libzephyr.a(validate_enabled_instances.c.obj)
                              (--whole-archive)
zephyr/arch/common/libarch__common.a(sw_isr_common.c.obj)
                              (--whole-archive)
zephyr/arch/arch/arm/core/aarch32/libarch__arm__core__aarch32.a(cpu_idle.S.obj)
                              (--whole-archive)
zephyr/arch/arch/arm/core/aarch32/libarch__arm__core__aarch32.a(isr_wrapper.S.obj)
                              (--whole-archive)
zephyr/arch/arch/arm/core/aarch32/libarch__arm__core__aarch32.a(nmi_on_reset.S.obj)
                              (--whole-archive)
zephyr/arch/arch/arm/core/aarch32/libarch__arm__core__aarch32.a(swap_helper.S.obj)
                              (--whole-archive)
zephyr/arch/arch/arm/core/aarch32/libarch__arm__core__aarch32.a(fatal.c.obj)
                              (--whole-archive)
zephyr/arch/arch/arm/core/aarch32/libarch__arm__core__aarch32.a(irq_manage.c.obj)
                              (--whole-archive)
zephyr/arch/arch/arm/core/aarch32/libarch__arm__core__aarch32.a(nmi.c.obj)
                              (--whole-archive)
zephyr/arch/arch/arm/core/aarch32/libarch__arm__core__aarch32.a(prep_c.c.obj)
                              (--whole-archive)
zephyr/arch/arch/arm/core/aarch32/libarch__arm__core__aarch32.a(swap.c.obj)
                              (--whole-archive)
zephyr/arch/arch/arm/core/aarch32/libarch__arm__core__aarch32.a(thread.c.obj)
                              (--whole-archive)
zephyr/arch/arch/arm/core/aarch32/cortex_m/libarch__arm__core__aarch32__cortex_m.a(exc_exit.S.obj)
                              (--whole-archive)
zephyr/arch/arch/arm/core/aarch32/cortex_m/libarch__arm__core__aarch32__cortex_m.a(fault_s.S.obj)
                              (--whole-archive)
zephyr/arch/arch/arm/core/aarch32/cortex_m/libarch__arm__core__aarch32__cortex_m.a(reset.S.obj)
                              (--whole-archive)
zephyr/arch/arch/arm/core/aarch32/cortex_m/libarch__arm__core__aarch32__cortex_m.a(vector_table.S.obj)
[...]
Memory Configuration

Name             Origin             Length             Attributes
FLASH            0x00000000         0x00100000         xr
SRAM             0x20000000         0x00040000         xw
IDT_LIST         0xfffff7ff         0x00000800         xw
*default*        0x00000000         0xffffffff

Linker script and memory map

LOAD zephyr/CMakeFiles/zephyr_pre0.dir/misc/empty_file.c.obj
                0x00000020                _region_min_align = 0x20

.rel.plt        0x00000000        0x0
 *(SORT_BY_ALIGNMENT(.rel.plt))
                [!provide]                PROVIDE (__rel_iplt_start = .)
 *(SORT_BY_ALIGNMENT(.rel.iplt))
 .rel.iplt      0x00000000        0x0 app/libapp.a(main.c.obj)
                [!provide]                PROVIDE (__rel_iplt_end = .)

.rela.plt       0x00000000        0x0
 *(SORT_BY_ALIGNMENT(.rela.plt))
                [!provide]                PROVIDE (__rela_iplt_start = .)
 *(SORT_BY_ALIGNMENT(.rela.iplt))
                [!provide]                PROVIDE (__rela_iplt_end = .)

.rel.dyn
 *(SORT_BY_ALIGNMENT(.rel.*))

.rela.dyn
 *(SORT_BY_ALIGNMENT(.rela.*))

/DISCARD/
 *(SORT_BY_ALIGNMENT(.plt))
 *(SORT_BY_ALIGNMENT(.iplt))
 *(SORT_BY_ALIGNMENT(.got.plt))
 *(SORT_BY_ALIGNMENT(.igot.plt))
 *(SORT_BY_ALIGNMENT(.got))
 *(SORT_BY_ALIGNMENT(.igot))
 *(SORT_BY_ALIGNMENT(.note.GNU-stack))
                0x00000000                __rom_region_start = 0x0

rom_start       0x00000000      0x100
                0x00000000                . = 0x0
                0x00000000                . = ALIGN (0x4)
                0x00000000                . = ALIGN (0x80)
                0x00000000                . = ALIGN (0x100)
                0x00000000                _vector_start = .
 *(SORT_BY_ALIGNMENT(.exc_vector_table))
 *(SORT_BY_ALIGNMENT(.exc_vector_table.*))
 .exc_vector_table._vector_table_section
                0x00000000       0x40 zephyr/arch/arch/arm/core/aarch32/cortex_m/libarch__arm__core__aarch32__cortex_m.a(vector_table.S.obj)
                0x00000000                _vector_table
 *(SORT_BY_ALIGNMENT(.gnu.linkonce.irq_vector_table*))
 .gnu.linkonce.irq_vector_table
                0x00000040       0xc0 zephyr/arch/common/libisr_tables.a(isr_tables.c.obj)
                0x00000040                _irq_vector_table
 *(SORT_BY_ALIGNMENT(.vectors))
                0x00000100                _vector_end = .

text            0x00000100     0x96ec
                0x00000100                __text_region_start = .
 *(SORT_BY_ALIGNMENT(.text))
 .text          0x00000100      0x168 d:/toolchain/v1.9.1/toolchain/opt/bin/../lib/gcc/arm-none-eabi/9.2.1/thumb/v7e-m/nofp\libgcc.a(_arm_mulsf3.o)
                0x00000100                __aeabi_fmul
                0x00000100                __mulsf3
 .text          0x00000268      0x21c d:/toolchain/v1.9.1/toolchain/opt/bin/../lib/gcc/arm-none-eabi/9.2.1/thumb/v7e-m/nofp\libgcc.a(_arm_addsubsf3.o)
                0x00000268                __aeabi_frsub
                0x00000270                __subsf3
                0x00000270                __aeabi_fsub
                0x00000274                __aeabi_fadd
                0x00000274                __addsf3
                0x000003d4                __aeabi_ui2f
                0x000003d4                __floatunsisf
                0x000003dc                __aeabi_i2f
                0x000003dc                __floatsisf
                0x000003f8                __aeabi_ul2f
                0x000003f8                __floatundisf
                0x00000408                __aeabi_l2f
                0x00000408                __floatdisf
 .text          0x00000484       0x40 d:/toolchain/v1.9.1/toolchain/opt/bin/../lib/gcc/arm-none-eabi/9.2.1/thumb/v7e-m/nofp\libgcc.a(_arm_fixunssfsi.o)
                0x00000484                __fixunssfsi
                0x00000484                __aeabi_f2uiz
 .text          0x000004c4       0x30 d:/toolchain/v1.9.1/toolchain/opt/bin/../lib/gcc/arm-none-eabi/9.2.1/thumb/v7e-m/nofp\libgcc.a(_aeabi_uldivmod.o)
                0x000004c4                __aeabi_uldivmod
 .text          0x000004f4      0x2c0 d:/toolchain/v1.9.1/toolchain/opt/bin/../lib/gcc/arm-none-eabi/9.2.1/thumb/v7e-m/nofp\libgcc.a(_udivmoddi4.o)
                0x000004f4                __udivmoddi4
 .text          0x000007b4        0x4 d:/toolchain/v1.9.1/toolchain/opt/bin/../lib/gcc/arm-none-eabi/9.2.1/thumb/v7e-m/nofp\libgcc.a(_dvmd_tls.o)
                0x000007b4                __aeabi_idiv0
                0x000007b4                __aeabi_ldiv0
 *(SORT_BY_ALIGNMENT(.text.*))
 .text.thread_FILTRO_code
                0x000007b8       0x2c app/libapp.a(main.c.obj)
                0x000007b8                thread_FILTRO_code
 .text.thread_ADC_code
                0x000007e4      0x1a8 app/libapp.a(main.c.obj)
                0x000007e4                thread_ADC_code
 .text.thread_PWM_code
                0x0000098c       0xf8 app/libapp.a(main.c.obj)
                0x0000098c                thread_PWM_code
 .text.main     0x00000a84       0xc4 app/libapp.a(main.c.obj)
                0x00000a84                main
 .text.cbvprintf
                0x00000b48      0x780 zephyr/libzephyr.a(cbprintf_complete.c.obj)
                0x00000b48                cbvprintf
 .text.sys_heap_free
                0x000012c8       0x98 zephyr/libzephyr.a(heap.c.obj)
                0x000012c8                sys_heap_free
 .text.sys_heap_aligned_alloc
                0x00001360      0x108 zephyr/libzephyr.a(heap.c.obj)
                0x00001360                sys_heap_aligned_alloc
 .text.sys_heap_init
                0x00001468      0x128 zephyr/libzephyr.a(heap.c.obj)
                0x00001468                sys_heap_init
 .text.sys_notify_finalize
                0x00001590       0x60 zephyr/libzephyr.a(notify.c.obj)
                0x00001590                sys_notify_finalize
 .text.nrf_cc3xx_platform_abort_init
                0x000015f0        0xc zephyr/libzephyr.a(nrf_cc3xx_platform_abort_zephyr.c.obj)
                0x000015f0                nrf_cc3xx_platform_abort_init
 .text.mutex_unlock_platform
                0x000015fc       0x4c zephyr/libzephyr.a(nrf_cc3xx_platform_mutex_zephyr.c.obj)
 .text.mutex_free_platform
                0x00001648       0x48 zephyr/libzephyr.a(nrf_cc3xx_platform_mutex_zephyr.c.obj)
 .text.mutex_init_platform
                0x00001690       0x70 zephyr/libzephyr.a(nrf_cc3xx_platform_mutex_zephyr.c.obj)
 .text.mutex_lock_platform
                0x00001700       0x58 zephyr/libzephyr.a(nrf_cc3xx_platform_mutex_zephyr.c.obj)
 .text.nrf_cc3xx_platform_mutex_init
                0x00001758       0x2c zephyr/libzephyr.a(nrf_cc3xx_platform_mutex_zephyr.c.obj)
                0x00001758                nrf_cc3xx_platform_mutex_init
 .text.process_event
                0x00001784      0x3f4 zephyr/libzephyr.a(onoff.c.obj)
 .text.transition_complete
                0x00001b78       0x64 zephyr/libzephyr.a(onoff.c.obj)
 .text.onoff_request
                0x00001bdc      0x130 zephyr/libzephyr.a(onoff.c.obj)
                0x00001bdc                onoff_request
 .text.pm_state_notify
                0x00001d0c       0xcc zephyr/libzephyr.a(pm.c.obj)
 .text.atomic_test_and_set_bit.constprop.0
                0x00001dd8       0x38 zephyr/libzephyr.a(pm.c.obj)
 .text.pm_system_resume
                0x00001e10       0x88 zephyr/libzephyr.a(pm.c.obj)
                0x00001e10                pm_system_resume
 .text.pm_system_suspend
                0x00001e98      0x100 zephyr/libzephyr.a(pm.c.obj)
                0x00001e98                pm_system_suspend
 .text.char_out
                0x00001f98       0x10 zephyr/libzephyr.a(printk.c.obj)
 .text.__printk_hook_install
                0x00001fa8        0xc zephyr/libzephyr.a(printk.c.obj)
                0x00001fa8                __printk_hook_install
 .text.vprintk  0x00001fb4       0x1c zephyr/libzephyr.a(printk.c.obj)
                0x00001fb4                vprintk
 .text.sys_reboot
                0x00001fd0       0x28 zephyr/libzephyr.a(reboot.c.obj)
                0x00001fd0                sys_reboot
 .text.z_arm_cpu_idle_init
                0x00001ff8        0xc zephyr/arch/arch/arm/core/aarch32/libarch__arm__core__aarch32.a(cpu_idle.S.obj)
                0x00001ff8                z_arm_cpu_idle_init
 .text.arch_cpu_idle
                0x00002004       0x1c zephyr/arch/arch/arm/core/aarch32/libarch__arm__core__aarch32.a(cpu_idle.S.obj)
                0x00002004                arch_cpu_idle
 .text.arch_cpu_atomic_idle
                0x00002020       0x14 zephyr/arch/arch/arm/core/aarch32/libarch__arm__core__aarch32.a(cpu_idle.S.obj)
                0x00002020                arch_cpu_atomic_idle
 .text._isr_wrapper
                0x00002034       0x40 zephyr/arch/arch/arm/core/aarch32/libarch__arm__core__aarch32.a(isr_wrapper.S.obj)
                0x00002034                _isr_wrapper
 .text.z_SysNmiOnReset
                0x00002074        0x8 zephyr/arch/arch/arm/core/aarch32/libarch__arm__core__aarch32.a(nmi_on_reset.S.obj)
                0x00002074                z_SysNmiOnReset
 .text.z_arm_pendsv
                0x0000207c       0x54 zephyr/arch/arch/arm/core/aarch32/libarch__arm__core__aarch32.a(swap_helper.S.obj)
                0x0000207c                z_arm_pendsv
 .text.z_arm_svc
                0x000020d0       0x20 zephyr/arch/arch/arm/core/aarch32/libarch__arm__core__aarch32.a(swap_helper.S.obj)
                0x000020d0                z_arm_svc
 .text.arch_irq_enable
                0x000020f0       0x20 zephyr/arch/arch/arm/core/aarch32/libarch__arm__core__aarch32.a(irq_manage.c.obj)
                0x000020f0                arch_irq_enable
 .text.arch_irq_is_enabled
                0x00002110       0x1c zephyr/arch/arch/arm/core/aarch32/libarch__arm__core__aarch32.a(irq_manage.c.obj)
                0x00002110                arch_irq_is_enabled
 .text.z_arm_irq_priority_set
                0x0000212c       0x68 zephyr/arch/arch/arm/core/aarch32/libarch__arm__core__aarch32.a(irq_manage.c.obj)
                0x0000212c                z_arm_irq_priority_set
 .text.z_arm_prep_c
                0x00002194       0x38 zephyr/arch/arch/arm/core/aarch32/libarch__arm__core__aarch32.a(prep_c.c.obj)
                0x00002194                z_arm_prep_c
 .text.arch_swap
                0x000021cc       0x34 zephyr/arch/arch/arm/core/aarch32/libarch__arm__core__aarch32.a(swap.c.obj)
                0x000021cc                arch_swap
 .text.arch_new_thread
                0x00002200       0x38 zephyr/arch/arch/arm/core/aarch32/libarch__arm__core__aarch32.a(thread.c.obj)
                0x00002200                arch_new_thread
 .text.z_check_thread_stack_fail
                0x00002238       0x34 zephyr/arch/arch/arm/core/aarch32/libarch__arm__core__aarch32.a(thread.c.obj)
                0x00002238                z_check_thread_stack_fail
 .text.arch_switch_to_main_thread
                0x0000226c       0x2c zephyr/arch/arch/arm/core/aarch32/libarch__arm__core__aarch32.a(thread.c.obj)
                0x0000226c                arch_switch_to_main_thread
 .text._HandlerModeExit
                0x00002298       0x1c zephyr/arch/arch/arm/core/aarch32/cortex_m/libarch__arm__core__aarch32__cortex_m.a(exc_exit.S.obj)
                0x00002298                z_arm_int_exit
                0x00002298                z_arm_exc_exit
 .text.__fault  0x000022b4       0x14 zephyr/arch/arch/arm/core/aarch32/cortex_m/libarch__arm__core__aarch32__cortex_m.a(fault_s.S.obj)
                0x000022b4                z_arm_usage_fault
                0x000022b4                z_arm_mpu_fault
                0x000022b4                z_arm_exc_spurious
                0x000022b4                z_arm_debug_monitor
                0x000022b4                z_arm_hard_fault
                0x000022b4                z_arm_bus_fault
 .text._reset_section
                0x000022c8       0x54 zephyr/arch/arch/arm/core/aarch32/cortex_m/libarch__arm__core__aarch32__cortex_m.a(reset.S.obj)
                0x000022c8                __start
                0x000022c8                z_arm_reset
 .text.mem_manage_fault
                0x0000231c       0xa4 zephyr/arch/arch/arm/core/aarch32/cortex_m/libarch__arm__core__aarch32__cortex_m.a(fault.c.obj)
 .text.bus_fault.isra.0
                0x000023c0       0x3c zephyr/arch/arch/arm/core/aarch32/cortex_m/libarch__arm__core__aarch32__cortex_m.a(fault.c.obj)
 .text.usage_fault.isra.0
                0x000023fc       0x24 zephyr/arch/arch/arm/core/aarch32/cortex_m/libarch__arm__core__aarch32__cortex_m.a(fault.c.obj)
 .text.z_arm_fault
                0x00002420      0x17c zephyr/arch/arch/arm/core/aarch32/cortex_m/libarch__arm__core__aarch32__cortex_m.a(fault.c.obj)
                0x00002420                z_arm_fault
 .text.z_arm_fault_init
                0x0000259c       0x10 zephyr/arch/arch/arm/core/aarch32/cortex_m/libarch__arm__core__aarch32__cortex_m.a(fault.c.obj)
                0x0000259c                z_arm_fault_init
 .text.z_arm_interrupt_init
                0x000025ac       0x18 zephyr/arch/arch/arm/core/aarch32/cortex_m/libarch__arm__core__aarch32__cortex_m.a(irq_init.c.obj)
                0x000025ac                z_arm_interrupt_init
 .text.z_arm_clear_arm_mpu_config
                0x000025c4       0x20 zephyr/arch/arch/arm/core/aarch32/cortex_m/libarch__arm__core__aarch32__cortex_m.a(scb.c.obj)
                0x000025c4                z_arm_clear_arm_mpu_config
 .text.z_arm_init_arch_hw_at_boot
                0x000025e4       0x64 zephyr/arch/arch/arm/core/aarch32/cortex_m/libarch__arm__core__aarch32__cortex_m.a(scb.c.obj)
                0x000025e4                z_arm_init_arch_hw_at_boot
 .text.z_impl_k_thread_abort
                0x00002648       0x24 zephyr/arch/arch/arm/core/aarch32/cortex_m/libarch__arm__core__aarch32__cortex_m.a(thread_abort.c.obj)
                0x00002648                z_impl_k_thread_abort
 .text.z_arm_configure_static_mpu_regions
                0x0000266c       0x18 zephyr/arch/arch/arm/core/aarch32/mpu/libarch__arm__core__aarch32__mpu.a(arm_core_mpu.c.obj)
                0x0000266c                z_arm_configure_static_mpu_regions
 .text.z_arm_configure_dynamic_mpu_regions
                0x00002684       0x20 zephyr/arch/arch/arm/core/aarch32/mpu/libarch__arm__core__aarch32__mpu.a(arm_core_mpu.c.obj)
                0x00002684                z_arm_configure_dynamic_mpu_regions
 .text.mpu_configure_regions
                0x000026a4       0x80 zephyr/arch/arch/arm/core/aarch32/mpu/libarch__arm__core__aarch32__mpu.a(arm_mpu.c.obj)
 .text.arm_core_mpu_enable
                0x00002724       0x14 zephyr/arch/arch/arm/core/aarch32/mpu/libarch__arm__core__aarch32__mpu.a(arm_mpu.c.obj)
                0x00002724                arm_core_mpu_enable
 .text.arm_core_mpu_disable
                0x00002738       0x10 zephyr/arch/arch/arm/core/aarch32/mpu/libarch__arm__core__aarch32__mpu.a(arm_mpu.c.obj)
                0x00002738                arm_core_mpu_disable
 .text.arm_core_mpu_configure_static_mpu_regions
                0x00002748       0x50 zephyr/arch/arch/arm/core/aarch32/mpu/libarch__arm__core__aarch32__mpu.a(arm_mpu.c.obj)
                0x00002748                arm_core_mpu_configure_static_mpu_regions
 .text.arm_core_mpu_configure_dynamic_mpu_regions
                0x00002798       0x64 zephyr/arch/arch/arm/core/aarch32/mpu/libarch__arm__core__aarch32__mpu.a(arm_mpu.c.obj)
                0x00002798                arm_core_mpu_configure_dynamic_mpu_regions
 .text.z_arm_mpu_init
                0x000027fc       0xbc zephyr/arch/arch/arm/core/aarch32/mpu/libarch__arm__core__aarch32__mpu.a(arm_mpu.c.obj)
                0x000027fc                z_arm_mpu_init
 .text.__stdout_hook_install
                0x000028b8        0xc zephyr/lib/libc/minimal/liblib__libc__minimal.a(stdout_console.c.obj)
                0x000028b8                __stdout_hook_install
 .text.nordicsemi_nrf52_init
                0x000028c4       0x64 zephyr/soc/arm/nordic_nrf/nrf52/libsoc__arm__nordic_nrf__nrf52.a(soc.c.obj)
 .text.sys_arch_reboot
                0x00002928       0x2c zephyr/soc/arm/nordic_nrf/nrf52/libsoc__arm__nordic_nrf__nrf52.a(soc.c.obj)
                0x00002928                sys_arch_reboot
 .text.arch_busy_wait
                0x00002954       0x14 zephyr/soc/arm/nordic_nrf/nrf52/libsoc__arm__nordic_nrf__nrf52.a(soc.c.obj)
                0x00002954                arch_busy_wait
 .text.adc_context_start_sampling.isra.0
                0x00002968       0x20 zephyr/drivers/adc/libdrivers__adc.a(adc_nrfx_saadc.c.obj)
 .text.adc_nrfx_channel_setup
                0x00002988       0xd4 zephyr/drivers/adc/libdrivers__adc.a(adc_nrfx_saadc.c.obj)
 .text.start_read.isra.0
                0x00002a5c      0x188 zephyr/drivers/adc/libdrivers__adc.a(adc_nrfx_saadc.c.obj)
 .text.adc_nrfx_read_async
                0x00002be4       0x44 zephyr/drivers/adc/libdrivers__adc.a(adc_nrfx_saadc.c.obj)
 .text.init_saadc
                0x00002c28       0x48 zephyr/drivers/adc/libdrivers__adc.a(adc_nrfx_saadc.c.obj)
 .text.saadc_irq_handler
                0x00002c70       0xf4 zephyr/drivers/adc/libdrivers__adc.a(adc_nrfx_saadc.c.obj)
 .text.adc_nrfx_read
                0x00002d64       0x40 zephyr/drivers/adc/libdrivers__adc.a(adc_nrfx_saadc.c.obj)
 .text.onoff_start
                0x00002da4       0x54 zephyr/drivers/clock_control/libdrivers__clock_control.a(clock_control_nrf.c.obj)
 .text.get_status
                0x00002df8       0x3c zephyr/drivers/clock_control/libdrivers__clock_control.a(clock_control_nrf.c.obj)
 .text.stop     0x00002e34       0x7c zephyr/drivers/clock_control/libdrivers__clock_control.a(clock_control_nrf.c.obj)
 .text.onoff_stop
                0x00002eb0       0x28 zephyr/drivers/clock_control/libdrivers__clock_control.a(clock_control_nrf.c.obj)
 .text.clk_init
                0x00002ed8       0x60 zephyr/drivers/clock_control/libdrivers__clock_control.a(clock_control_nrf.c.obj)
 .text.clkstarted_handle.constprop.0
                0x00002f38       0x34 zephyr/drivers/clock_control/libdrivers__clock_control.a(clock_control_nrf.c.obj)
 .text.clock_event_handler
                0x00002f6c       0x60 zephyr/drivers/clock_control/libdrivers__clock_control.a(clock_control_nrf.c.obj)
 .text.generic_hfclk_start
                0x00002fcc       0x64 zephyr/drivers/clock_control/libdrivers__clock_control.a(clock_control_nrf.c.obj)
 .text.generic_hfclk_stop
                0x00003030       0x2c zephyr/drivers/clock_control/libdrivers__clock_control.a(clock_control_nrf.c.obj)
 .text.api_blocking_start
                0x0000305c       0x3c zephyr/drivers/clock_control/libdrivers__clock_control.a(clock_control_nrf.c.obj)
 .text.z_nrf_clock_control_lf_on
                0x00003098      0x158 zephyr/drivers/clock_control/libdrivers__clock_control.a(clock_control_nrf.c.obj)
                0x00003098                z_nrf_clock_control_lf_on
 .text.uart_console_init
                0x000031f0       0x30 zephyr/drivers/console/libdrivers__console.a(uart_console.c.obj)
 .text.console_out
                0x00003220       0x28 zephyr/drivers/console/libdrivers__console.a(uart_console.c.obj)
 .text.gpio_nrfx_manage_callback
                0x00003248       0xac zephyr/drivers/gpio/libdrivers__gpio.a(gpio_nrfx.c.obj)
 .text.nrfx_gpio_handler
                0x000032f4       0x98 zephyr/drivers/gpio/libdrivers__gpio.a(gpio_nrfx.c.obj)
 .text.gpio_nrfx_pin_interrupt_configure
                0x0000338c      0x130 zephyr/drivers/gpio/libdrivers__gpio.a(gpio_nrfx.c.obj)
 .text.gpio_nrfx_init
                0x000034bc       0x38 zephyr/drivers/gpio/libdrivers__gpio.a(gpio_nrfx.c.obj)
 .text.gpio_nrfx_pin_configure
                0x000034f4      0x15c zephyr/drivers/gpio/libdrivers__gpio.a(gpio_nrfx.c.obj)
 .text.pwm_nrfx_get_cycles_per_sec
                0x00003650       0x10 zephyr/drivers/pwm/libdrivers__pwm.a(pwm_nrfx.c.obj)
 .text.pwm_nrfx_init
                0x00003660       0x44 zephyr/drivers/pwm/libdrivers__pwm.a(pwm_nrfx.c.obj)
 .text.nrf_gpio_pin_port_decode
                0x000036a4       0x84 zephyr/drivers/pwm/libdrivers__pwm.a(pwm_nrfx.c.obj)
 .text.uarte_nrfx_configure
                0x00003728      0x164 zephyr/drivers/serial/libdrivers__serial.a(uart_nrfx_uarte.c.obj)
 .text.nrf_gpio_pin_port_decode
                0x0000388c       0x84 zephyr/drivers/serial/libdrivers__serial.a(uart_nrfx_uarte.c.obj)
 .text.uarte_nrfx_poll_out
                0x00003910       0xc4 zephyr/drivers/serial/libdrivers__serial.a(uart_nrfx_uarte.c.obj)
 .text.uarte_instance_init.isra.0
                0x000039d4      0x198 zephyr/drivers/serial/libdrivers__serial.a(uart_nrfx_uarte.c.obj)
 .text.sys_clock_timeout_handler
                0x00003b6c       0x78 zephyr/drivers/timer/libdrivers__timer.a(nrf_rtc_timer.c.obj)
 .text.compare_int_lock
                0x00003be4       0x50 zephyr/drivers/timer/libdrivers__timer.a(nrf_rtc_timer.c.obj)
 .text.compare_int_unlock.part.0
                0x00003c34       0x5c zephyr/drivers/timer/libdrivers__timer.a(nrf_rtc_timer.c.obj)
 .text.z_nrf_rtc_timer_read
                0x00003c90       0x44 zephyr/drivers/timer/libdrivers__timer.a(nrf_rtc_timer.c.obj)
                0x00003c90                z_nrf_rtc_timer_read
 .text.compare_set
                0x00003cd4      0x154 zephyr/drivers/timer/libdrivers__timer.a(nrf_rtc_timer.c.obj)
 .text.sys_clock_driver_init
                0x00003e28       0x84 zephyr/drivers/timer/libdrivers__timer.a(nrf_rtc_timer.c.obj)
 .text.rtc_nrf_isr
                0x00003eac       0xf0 zephyr/drivers/timer/libdrivers__timer.a(nrf_rtc_timer.c.obj)
                0x00003eac                rtc_nrf_isr
 .text.sys_clock_set_timeout
                0x00003f9c       0x60 zephyr/drivers/timer/libdrivers__timer.a(nrf_rtc_timer.c.obj)
                0x00003f9c                sys_clock_set_timeout
 .text.sys_clock_elapsed
                0x00003ffc       0x14 zephyr/drivers/timer/libdrivers__timer.a(nrf_rtc_timer.c.obj)
                0x00003ffc                sys_clock_elapsed
 .text.nrf_clock_is_running.constprop.0
                0x00004010       0x68 modules/hal_nordic/nrfx/libmodules__hal_nordic__nrfx.a(nrfx_clock.c.obj)
 .text.nrfx_clock_init
                0x00004078       0x48 modules/hal_nordic/nrfx/libmodules__hal_nordic__nrfx.a(nrfx_clock.c.obj)
                0x00004078                nrfx_clock_init
 .text.nrfx_clock_enable
                0x000040c0       0x40 modules/hal_nordic/nrfx/libmodules__hal_nordic__nrfx.a(nrfx_clock.c.obj)
                0x000040c0                nrfx_clock_enable
 .text.nrfx_clock_start
                0x00004100       0xa8 modules/hal_nordic/nrfx/libmodules__hal_nordic__nrfx.a(nrfx_clock.c.obj)
                0x00004100                nrfx_clock_start
 .text.nrfx_clock_stop
                0x000041a8       0xdc modules/hal_nordic/nrfx/libmodules__hal_nordic__nrfx.a(nrfx_clock.c.obj)
                0x000041a8                nrfx_clock_stop
 .text.nrfx_power_clock_irq_handler
                0x00004284       0x68 modules/hal_nordic/nrfx/libmodules__hal_nordic__nrfx.a(nrfx_clock.c.obj)
                0x00004284                nrfx_power_clock_irq_handler
 .text.nrfx_flag32_alloc
                0x000042ec       0x48 modules/hal_nordic/nrfx/libmodules__hal_nordic__nrfx.a(nrfx_flag32_allocator.c.obj)
                0x000042ec                nrfx_flag32_alloc
 .text.nrfx_flag32_free
                0x00004334       0x44 modules/hal_nordic/nrfx/libmodules__hal_nordic__nrfx.a(nrfx_flag32_allocator.c.obj)
                0x00004334                nrfx_flag32_free
 .text.pin_is_task_output
                0x00004378       0x1c modules/hal_nordic/nrfx/libmodules__hal_nordic__nrfx.a(nrfx_gpiote.c.obj)
 .text.call_handler
                0x00004394       0x3c modules/hal_nordic/nrfx/libmodules__hal_nordic__nrfx.a(nrfx_gpiote.c.obj)
 .text.release_handler
                0x000043d0       0x80 modules/hal_nordic/nrfx/libmodules__hal_nordic__nrfx.a(nrfx_gpiote.c.obj)
 .text.pin_handler_trigger_uninit
                0x00004450       0x34 modules/hal_nordic/nrfx/libmodules__hal_nordic__nrfx.a(nrfx_gpiote.c.obj)
 .text.nrf_gpio_pin_port_decode
                0x00004484       0x6c modules/hal_nordic/nrfx/libmodules__hal_nordic__nrfx.a(nrfx_gpiote.c.obj)
 .text.nrfx_gpiote_input_configure
                0x000044f0      0x150 modules/hal_nordic/nrfx/libmodules__hal_nordic__nrfx.a(nrfx_gpiote.c.obj)
                0x000044f0                nrfx_gpiote_input_configure
 .text.nrfx_gpiote_output_configure
                0x00004640       0xe0 modules/hal_nordic/nrfx/libmodules__hal_nordic__nrfx.a(nrfx_gpiote.c.obj)
                0x00004640                nrfx_gpiote_output_configure
 .text.nrfx_gpiote_global_callback_set
                0x00004720        0xc modules/hal_nordic/nrfx/libmodules__hal_nordic__nrfx.a(nrfx_gpiote.c.obj)
                0x00004720                nrfx_gpiote_global_callback_set
 .text.nrfx_gpiote_channel_get
                0x0000472c       0x50 modules/hal_nordic/nrfx/libmodules__hal_nordic__nrfx.a(nrfx_gpiote.c.obj)
                0x0000472c                nrfx_gpiote_channel_get
 .text.nrfx_gpiote_init
                0x0000477c       0x50 modules/hal_nordic/nrfx/libmodules__hal_nordic__nrfx.a(nrfx_gpiote.c.obj)
                0x0000477c                nrfx_gpiote_init
 .text.nrfx_gpiote_is_init
                0x000047cc       0x14 modules/hal_nordic/nrfx/libmodules__hal_nordic__nrfx.a(nrfx_gpiote.c.obj)
                0x000047cc                nrfx_gpiote_is_init
 .text.nrfx_gpiote_channel_free
                0x000047e0        0xc modules/hal_nordic/nrfx/libmodules__hal_nordic__nrfx.a(nrfx_gpiote.c.obj)
                0x000047e0                nrfx_gpiote_channel_free
 .text.nrfx_gpiote_channel_alloc
                0x000047ec        0xc modules/hal_nordic/nrfx/libmodules__hal_nordic__nrfx.a(nrfx_gpiote.c.obj)
                0x000047ec                nrfx_gpiote_channel_alloc
 .text.nrfx_gpiote_trigger_enable
                0x000047f8       0xe0 modules/hal_nordic/nrfx/libmodules__hal_nordic__nrfx.a(nrfx_gpiote.c.obj)
                0x000047f8                nrfx_gpiote_trigger_enable
 .text.nrfx_gpiote_trigger_disable
                0x000048d8       0x44 modules/hal_nordic/nrfx/libmodules__hal_nordic__nrfx.a(nrfx_gpiote.c.obj)
                0x000048d8                nrfx_gpiote_trigger_disable
 .text.nrfx_gpiote_pin_uninit
                0x0000491c       0x48 modules/hal_nordic/nrfx/libmodules__hal_nordic__nrfx.a(nrfx_gpiote.c.obj)
                0x0000491c                nrfx_gpiote_pin_uninit
 .text.nrfx_gpiote_irq_handler
                0x00004964      0x1b4 modules/hal_nordic/nrfx/libmodules__hal_nordic__nrfx.a(nrfx_gpiote.c.obj)
                0x00004964                nrfx_gpiote_irq_handler
 .text.nrfx_ppi_channel_alloc
                0x00004b18        0xc modules/hal_nordic/nrfx/libmodules__hal_nordic__nrfx.a(nrfx_ppi.c.obj)
                0x00004b18                nrfx_ppi_channel_alloc
 .text.nrf_pwm_sequence_set
                0x00004b24       0xf8 modules/hal_nordic/nrfx/libmodules__hal_nordic__nrfx.a(nrfx_pwm.c.obj)
 .text.nrf_gpio_pin_port_decode
                0x00004c1c       0x84 modules/hal_nordic/nrfx/libmodules__hal_nordic__nrfx.a(nrfx_pwm.c.obj)
 .text.nrfx_pwm_init
                0x00004ca0      0x198 modules/hal_nordic/nrfx/libmodules__hal_nordic__nrfx.a(nrfx_pwm.c.obj)
                0x00004ca0                nrfx_pwm_init
 .text.nrfx_pwm_simple_playback
                0x00004e38       0xe8 modules/hal_nordic/nrfx/libmodules__hal_nordic__nrfx.a(nrfx_pwm.c.obj)
                0x00004e38                nrfx_pwm_simple_playback
 .text.nrfx_pwm_is_stopped
                0x00004f20       0x5c modules/hal_nordic/nrfx/libmodules__hal_nordic__nrfx.a(nrfx_pwm.c.obj)
                0x00004f20                nrfx_pwm_is_stopped
 .text.nrfx_pwm_stop
                0x00004f7c       0x64 modules/hal_nordic/nrfx/libmodules__hal_nordic__nrfx.a(nrfx_pwm.c.obj)
                0x00004f7c                nrfx_pwm_stop
 .text.nrf52_errata_36
                0x00004fe0       0x14 modules/hal_nordic/nrfx/libmodules__hal_nordic__nrfx.a(system_nrf52840.c.obj)
 .text.nrf52_errata_98
                0x00004ff4       0x28 modules/hal_nordic/nrfx/libmodules__hal_nordic__nrfx.a(system_nrf52840.c.obj)
 .text.nvmc_wait
                0x0000501c       0x10 modules/hal_nordic/nrfx/libmodules__hal_nordic__nrfx.a(system_nrf52840.c.obj)
                0x0000501c                nvmc_wait
 .text.SystemInit
                0x0000502c      0x1d0 modules/hal_nordic/nrfx/libmodules__hal_nordic__nrfx.a(system_nrf52840.c.obj)
                0x0000502c                SystemInit
 .text._DoInit  0x000051fc       0x6c modules/segger/libmodules__segger.a(SEGGER_RTT.c.obj)
 .text.z_sys_init_run_level
                0x00005268       0x40 zephyr/kernel/libkernel.a(device.c.obj)
                0x00005268                z_sys_init_run_level
 .text.z_impl_device_get_binding
                0x000052a8       0x58 zephyr/kernel/libkernel.a(device.c.obj)
                0x000052a8                z_impl_device_get_binding
 .text.z_fatal_error
                0x00005300       0x64 zephyr/kernel/libkernel.a(fatal.c.obj)
                0x00005300                z_fatal_error
 .text.idle     0x00005364       0x58 zephyr/kernel/libkernel.a(idle.c.obj)
                0x00005364                idle
 .text.init_idle_thread
                0x000053bc       0x58 zephyr/kernel/libkernel.a(init.c.obj)
 .text.bg_thread_main
                0x00005414       0x34 zephyr/kernel/libkernel.a(init.c.obj)
 .text.z_bss_zero
                0x00005448       0x14 zephyr/kernel/libkernel.a(init.c.obj)
                0x00005448                z_bss_zero
 .text.z_cstart
                0x0000545c       0xe4 zephyr/kernel/libkernel.a(init.c.obj)
                0x0000545c                z_cstart
 .text.init_mem_slab_module
                0x00005540       0x78 zephyr/kernel/libkernel.a(mem_slab.c.obj)
 .text.k_mem_slab_alloc
                0x000055b8       0xd8 zephyr/kernel/libkernel.a(mem_slab.c.obj)
                0x000055b8                k_mem_slab_alloc
 .text.k_mem_slab_free
                0x00005690       0xc8 zephyr/kernel/libkernel.a(mem_slab.c.obj)
                0x00005690                k_mem_slab_free
 .text.z_impl_k_mutex_lock
                0x00005758      0x200 zephyr/kernel/libkernel.a(mutex.c.obj)
                0x00005758                z_impl_k_mutex_lock
 .text.z_impl_k_mutex_unlock
                0x00005958      0x190 zephyr/kernel/libkernel.a(mutex.c.obj)
                0x00005958                z_impl_k_mutex_unlock
 .text.signal_poll_event
                0x00005ae8       0xec zephyr/kernel/libkernel.a(poll.c.obj)
 .text.z_impl_k_poll_signal_raise
                0x00005bd4       0xb8 zephyr/kernel/libkernel.a(poll.c.obj)
                0x00005bd4                z_impl_k_poll_signal_raise
 .text.queue_insert
                0x00005c8c      0x134 zephyr/kernel/libkernel.a(queue.c.obj)
 .text.z_impl_k_queue_get
                0x00005dc0       0xd8 zephyr/kernel/libkernel.a(queue.c.obj)
                0x00005dc0                z_impl_k_queue_get
 .text.z_reset_time_slice
                0x00005e98       0x2c zephyr/kernel/libkernel.a(sched.c.obj)
                0x00005e98                z_reset_time_slice
 .text.k_sched_time_slice_set
                0x00005ec4       0xcc zephyr/kernel/libkernel.a(sched.c.obj)
                0x00005ec4                k_sched_time_slice_set
 .text.z_unpend_thread_no_timeout
                0x00005f90       0x90 zephyr/kernel/libkernel.a(sched.c.obj)
                0x00005f90                z_unpend_thread_no_timeout
 .text.z_reschedule
                0x00006020       0x88 zephyr/kernel/libkernel.a(sched.c.obj)
                0x00006020                z_reschedule
 .text.k_sched_lock
                0x000060a8       0xe8 zephyr/kernel/libkernel.a(sched.c.obj)
                0x000060a8                k_sched_lock
 .text.z_priq_dumb_remove
                0x00006190       0x44 zephyr/kernel/libkernel.a(sched.c.obj)
                0x00006190                z_priq_dumb_remove
 .text.unpend_thread_no_timeout
                0x000061d4       0x44 zephyr/kernel/libkernel.a(sched.c.obj)
 .text.z_unpend_thread
                0x00006218       0x98 zephyr/kernel/libkernel.a(sched.c.obj)
                0x00006218                z_unpend_thread
 .text.update_cache
                0x000062b0       0x70 zephyr/kernel/libkernel.a(sched.c.obj)
 .text.move_thread_to_end_of_prio_q
                0x00006320       0xac zephyr/kernel/libkernel.a(sched.c.obj)
 .text.z_time_slice
                0x000063cc       0xf0 zephyr/kernel/libkernel.a(sched.c.obj)
                0x000063cc                z_time_slice
 .text.ready_thread
                0x000064bc       0xa4 zephyr/kernel/libkernel.a(sched.c.obj)
 .text.z_ready_thread
                0x00006560       0x90 zephyr/kernel/libkernel.a(sched.c.obj)
                0x00006560                z_ready_thread
 .text.z_sched_start
                0x000065f0       0xa8 zephyr/kernel/libkernel.a(sched.c.obj)
                0x000065f0                z_sched_start
 .text.z_thread_timeout
                0x00006698       0xb4 zephyr/kernel/libkernel.a(sched.c.obj)
                0x00006698                z_thread_timeout
 .text.unready_thread
                0x0000674c       0x38 zephyr/kernel/libkernel.a(sched.c.obj)
 .text.add_to_waitq_locked
                0x00006784       0x84 zephyr/kernel/libkernel.a(sched.c.obj)
 .text.pend     0x00006808       0xbc zephyr/kernel/libkernel.a(sched.c.obj)
 .text.z_pend_curr
                0x000068c4       0x60 zephyr/kernel/libkernel.a(sched.c.obj)
                0x000068c4                z_pend_curr
 .text.z_set_prio
                0x00006924      0x138 zephyr/kernel/libkernel.a(sched.c.obj)
                0x00006924                z_set_prio
 .text.z_impl_k_thread_suspend
                0x00006a5c       0xd4 zephyr/kernel/libkernel.a(sched.c.obj)
                0x00006a5c                z_impl_k_thread_suspend
 .text.k_sched_unlock
                0x00006b30       0xf8 zephyr/kernel/libkernel.a(sched.c.obj)
                0x00006b30                k_sched_unlock
 .text.z_unpend1_no_timeout
                0x00006c28       0x98 zephyr/kernel/libkernel.a(sched.c.obj)
                0x00006c28                z_unpend1_no_timeout
 .text.z_unpend_first_thread
                0x00006cc0       0xa0 zephyr/kernel/libkernel.a(sched.c.obj)
                0x00006cc0                z_unpend_first_thread
 .text.z_sched_init
                0x00006d60       0x18 zephyr/kernel/libkernel.a(sched.c.obj)
                0x00006d60                z_sched_init
 .text.z_impl_k_yield
                0x00006d78      0x148 zephyr/kernel/libkernel.a(sched.c.obj)
                0x00006d78                z_impl_k_yield
 .text.z_tick_sleep
                0x00006ec0      0x15c zephyr/kernel/libkernel.a(sched.c.obj)
 .text.z_impl_k_sleep
                0x0000701c       0x70 zephyr/kernel/libkernel.a(sched.c.obj)
                0x0000701c                z_impl_k_sleep
 .text.z_impl_z_current_get
                0x0000708c        0xc zephyr/kernel/libkernel.a(sched.c.obj)
                0x0000708c                z_impl_z_current_get
 .text.z_impl_k_is_preempt_thread
                0x00007098       0x20 zephyr/kernel/libkernel.a(sched.c.obj)
                0x00007098                z_impl_k_is_preempt_thread
 .text.z_thread_abort
                0x000070b8      0x168 zephyr/kernel/libkernel.a(sched.c.obj)
                0x000070b8                z_thread_abort
 .text.z_sched_wake
                0x00007220       0xb0 zephyr/kernel/libkernel.a(sched.c.obj)
                0x00007220                z_sched_wake
 .text.z_sched_wait
                0x000072d0       0x24 zephyr/kernel/libkernel.a(sched.c.obj)
                0x000072d0                z_sched_wait
 .text.z_impl_k_sem_give
                0x000072f4       0x88 zephyr/kernel/libkernel.a(sem.c.obj)
                0x000072f4                z_impl_k_sem_give
 .text.z_impl_k_sem_take
                0x0000737c      0x114 zephyr/kernel/libkernel.a(sem.c.obj)
                0x0000737c                z_impl_k_sem_take
 .text.k_sys_work_q_init
                0x00007490       0x34 zephyr/kernel/libkernel.a(system_work_q.c.obj)
 .text.z_setup_new_thread
                0x000074c4       0xc8 zephyr/kernel/libkernel.a(thread.c.obj)
                0x000074c4                z_setup_new_thread
 .text.z_impl_k_thread_create
                0x0000758c       0x9c zephyr/kernel/libkernel.a(thread.c.obj)
                0x0000758c                z_impl_k_thread_create
 .text.z_init_static_threads
                0x00007628      0x120 zephyr/kernel/libkernel.a(thread.c.obj)
                0x00007628                z_init_static_threads
 .text.z_spin_lock_valid
                0x00007748       0x1c zephyr/kernel/libkernel.a(thread.c.obj)
                0x00007748                z_spin_lock_valid
 .text.z_spin_unlock_valid
                0x00007764       0x20 zephyr/kernel/libkernel.a(thread.c.obj)
                0x00007764                z_spin_unlock_valid
 .text.z_spin_lock_set_owner
                0x00007784       0x10 zephyr/kernel/libkernel.a(thread.c.obj)
                0x00007784                z_spin_lock_set_owner
 .text.elapsed  0x00007794       0x14 zephyr/kernel/libkernel.a(timeout.c.obj)
 .text.next_timeout
                0x000077a8       0x58 zephyr/kernel/libkernel.a(timeout.c.obj)
 .text.remove_timeout
                0x00007800       0x34 zephyr/kernel/libkernel.a(timeout.c.obj)
 .text.z_add_timeout
                0x00007834      0x1a8 zephyr/kernel/libkernel.a(timeout.c.obj)
                0x00007834                z_add_timeout
 .text.z_abort_timeout
                0x000079dc       0x9c zephyr/kernel/libkernel.a(timeout.c.obj)
                0x000079dc                z_abort_timeout
 .text.z_get_next_timeout_expiry
                0x00007a78       0x90 zephyr/kernel/libkernel.a(timeout.c.obj)
                0x00007a78                z_get_next_timeout_expiry
 .text.z_set_timeout_expiry
                0x00007b08       0xa0 zephyr/kernel/libkernel.a(timeout.c.obj)
                0x00007b08                z_set_timeout_expiry
 .text.sys_clock_announce
                0x00007ba8      0x198 zephyr/kernel/libkernel.a(timeout.c.obj)
                0x00007ba8                sys_clock_announce
 .text.sys_clock_tick_get
                0x00007d40       0xa0 zephyr/kernel/libkernel.a(timeout.c.obj)
                0x00007d40                sys_clock_tick_get
 .text.z_timer_expiration_handler
                0x00007de0      0x168 zephyr/kernel/libkernel.a(timer.c.obj)
                0x00007de0                z_timer_expiration_handler
 .text.z_impl_k_timer_start
                0x00007f48       0xc0 zephyr/kernel/libkernel.a(timer.c.obj)
                0x00007f48                z_impl_k_timer_start
 .text.work_queue_main
                0x00008008      0x228 zephyr/kernel/libkernel.a(work.c.obj)
 .text.submit_to_queue_locked
                0x00008230       0xc8 zephyr/kernel/libkernel.a(work.c.obj)
 .text.k_work_submit_to_queue
                0x000082f8       0xc8 zephyr/kernel/libkernel.a(work.c.obj)
                0x000082f8                k_work_submit_to_queue
 .text.k_work_queue_start
                0x000083c0       0xe4 zephyr/kernel/libkernel.a(work.c.obj)
                0x000083c0                k_work_queue_start
 .text.z_data_copy
                0x000084a4       0x34 zephyr/kernel/libkernel.a(xip.c.obj)
                0x000084a4                z_data_copy
 .text.boot_banner
                0x000084d8       0x18 zephyr/kernel/libkernel.a(banner.c.obj)
                0x000084d8                boot_banner
 .text.z_heap_aligned_alloc
                0x000084f0       0x6c zephyr/kernel/libkernel.a(mempool.c.obj)
 .text.z_thread_aligned_alloc
                0x0000855c       0x30 zephyr/kernel/libkernel.a(mempool.c.obj)
                0x0000855c                z_thread_aligned_alloc
 .text.statics_init
                0x0000858c       0x58 zephyr/kernel/libkernel.a(kheap.c.obj)
 .text.k_heap_aligned_alloc
                0x000085e4      0x15c zephyr/kernel/libkernel.a(kheap.c.obj)
                0x000085e4                k_heap_aligned_alloc
 .text.k_heap_free
                0x00008740       0xa8 zephyr/kernel/libkernel.a(kheap.c.obj)
                0x00008740                k_heap_free
 .text.nrf_cc3xx_platform_init_no_rng
                0x000087e8       0x38 D:/toolchain/v1.9.1/nrfxlib/crypto/nrf_cc310_platform/lib/cortex-m4/soft-float/no-interrupts/libnrf_cc310_platform_0.9.13.a(nrf_cc3xx_platform.c.obj)
                0x000087e8                nrf_cc3xx_platform_init_no_rng
 .text.nrf_cc3xx_platform_abort
                0x00008820       0x24 D:/toolchain/v1.9.1/nrfxlib/crypto/nrf_cc310_platform/lib/cortex-m4/soft-float/no-interrupts/libnrf_cc310_platform_0.9.13.a(nrf_cc3xx_platform_abort.c.obj)
 .text.CC_PalAbort
                0x00008844       0x40 D:/toolchain/v1.9.1/nrfxlib/crypto/nrf_cc310_platform/lib/cortex-m4/soft-float/no-interrupts/libnrf_cc310_platform_0.9.13.a(nrf_cc3xx_platform_abort.c.obj)
                0x00008844                CC_PalAbort
 .text.nrf_cc3xx_platform_set_abort
                0x00008884       0x10 D:/toolchain/v1.9.1/nrfxlib/crypto/nrf_cc310_platform/lib/cortex-m4/soft-float/no-interrupts/libnrf_cc310_platform_0.9.13.a(nrf_cc3xx_platform_abort.c.obj)
                0x00008884                nrf_cc3xx_platform_set_abort
 .text.mutex_free
                0x00008894       0x28 D:/toolchain/v1.9.1/nrfxlib/crypto/nrf_cc310_platform/lib/cortex-m4/soft-float/no-interrupts/libnrf_cc310_platform_0.9.13.a(nrf_cc3xx_platform_mutex.c.obj)
 .text.mutex_unlock
                0x000088bc       0x2c D:/toolchain/v1.9.1/nrfxlib/crypto/nrf_cc310_platform/lib/cortex-m4/soft-float/no-interrupts/libnrf_cc310_platform_0.9.13.a(nrf_cc3xx_platform_mutex.c.obj)
 .text.mutex_init
                0x000088e8       0x1c D:/toolchain/v1.9.1/nrfxlib/crypto/nrf_cc310_platform/lib/cortex-m4/soft-float/no-interrupts/libnrf_cc310_platform_0.9.13.a(nrf_cc3xx_platform_mutex.c.obj)
 .text.mutex_lock
                0x00008904       0x44 D:/toolchain/v1.9.1/nrfxlib/crypto/nrf_cc310_platform/lib/cortex-m4/soft-float/no-interrupts/libnrf_cc310_platform_0.9.13.a(nrf_cc3xx_platform_mutex.c.obj)
 .text.nrf_cc3xx_platform_set_mutexes
                0x00008948       0x60 D:/toolchain/v1.9.1/nrfxlib/crypto/nrf_cc310_platform/lib/cortex-m4/soft-float/no-interrupts/libnrf_cc310_platform_0.9.13.a(nrf_cc3xx_platform_mutex.c.obj)
                0x00008948                nrf_cc3xx_platform_set_mutexes
 .text.CC_LibInitNoRng
                0x000089a8       0x6c D:/toolchain/v1.9.1/nrfxlib/crypto/nrf_cc310_platform/lib/cortex-m4/soft-float/no-interrupts/libnrf_cc310_platform_0.9.13.a(cc_lib.c.obj)
                0x000089a8                CC_LibInitNoRng
 .text.CC_HalInit
                0x00008a14        0x4 D:/toolchain/v1.9.1/nrfxlib/crypto/nrf_cc310_platform/lib/cortex-m4/soft-float/no-interrupts/libnrf_cc310_platform_0.9.13.a(cc_hal.c.obj)
                0x00008a14                CC_HalInit
 .text.CC_HalTerminate
                0x00008a18        0x4 D:/toolchain/v1.9.1/nrfxlib/crypto/nrf_cc310_platform/lib/cortex-m4/soft-float/no-interrupts/libnrf_cc310_platform_0.9.13.a(cc_hal.c.obj)
                0x00008a18                CC_HalTerminate
 .text.CC_HalMaskInterrupt
                0x00008a1c        0xc D:/toolchain/v1.9.1/nrfxlib/crypto/nrf_cc310_platform/lib/cortex-m4/soft-float/no-interrupts/libnrf_cc310_platform_0.9.13.a(cc_hal.c.obj)
                0x00008a1c                CC_HalMaskInterrupt
 .text.CC_PalInit
                0x00008a28       0x5c D:/toolchain/v1.9.1/nrfxlib/crypto/nrf_cc310_platform/lib/cortex-m4/soft-float/no-interrupts/libnrf_cc310_platform_0.9.13.a(cc_pal.c.obj)
                0x00008a28                CC_PalInit
 .text.CC_PalTerminate
                0x00008a84       0x34 D:/toolchain/v1.9.1/nrfxlib/crypto/nrf_cc310_platform/lib/cortex-m4/soft-float/no-interrupts/libnrf_cc310_platform_0.9.13.a(cc_pal.c.obj)
                0x00008a84                CC_PalTerminate
 .text.CC_PalDmaInit
                0x00008ab8        0x4 D:/toolchain/v1.9.1/nrfxlib/crypto/nrf_cc310_platform/lib/cortex-m4/soft-float/no-interrupts/libnrf_cc310_platform_0.9.13.a(cc_pal_dma.c.obj)
                0x00008ab8                CC_PalDmaInit
 .text.CC_PalDmaTerminate
                0x00008abc        0x4 D:/toolchain/v1.9.1/nrfxlib/crypto/nrf_cc310_platform/lib/cortex-m4/soft-float/no-interrupts/libnrf_cc310_platform_0.9.13.a(cc_pal_dma.c.obj)
                0x00008abc                CC_PalDmaTerminate
 .text.CC_PalMutexCreate
                0x00008ac0       0x14 D:/toolchain/v1.9.1/nrfxlib/crypto/nrf_cc310_platform/lib/cortex-m4/soft-float/no-interrupts/libnrf_cc310_platform_0.9.13.a(cc_pal_mutex.c.obj)
                0x00008ac0                CC_PalMutexCreate
 .text.CC_PalMutexDestroy
                0x00008ad4       0x14 D:/toolchain/v1.9.1/nrfxlib/crypto/nrf_cc310_platform/lib/cortex-m4/soft-float/no-interrupts/libnrf_cc310_platform_0.9.13.a(cc_pal_mutex.c.obj)
                0x00008ad4                CC_PalMutexDestroy
 .text.CC_PalPowerSaveModeInit
                0x00008ae8       0x3c D:/toolchain/v1.9.1/nrfxlib/crypto/nrf_cc310_platform/lib/cortex-m4/soft-float/no-interrupts/libnrf_cc310_platform_0.9.13.a(cc_pal_pm.c.obj)
                0x00008ae8                CC_PalPowerSaveModeInit
 .text.CC_PalPowerSaveModeSelect
                0x00008b24       0x84 D:/toolchain/v1.9.1/nrfxlib/crypto/nrf_cc310_platform/lib/cortex-m4/soft-float/no-interrupts/libnrf_cc310_platform_0.9.13.a(cc_pal_pm.c.obj)
                0x00008b24                CC_PalPowerSaveModeSelect
 .text.assert_post_action
                0x00008ba8        0xe zephyr/libzephyr.a(assert.c.obj)
                0x00008ba8                assert_post_action
 .text.encode_uint
                0x00008bb6       0x96 zephyr/libzephyr.a(cbprintf_complete.c.obj)
 .text.outs     0x00008c4c       0x2c zephyr/libzephyr.a(cbprintf_complete.c.obj)
 .text._ConfigAbsSyms
                0x00008c78        0x2 zephyr/libzephyr.a(configs.c.obj)
                0x00008c78                _ConfigAbsSyms
 .text.chunk_size
                0x00008c7a        0xa zephyr/libzephyr.a(heap.c.obj)
 .text.free_list_add
                0x00008c84       0x4e zephyr/libzephyr.a(heap.c.obj)
 .text.free_list_remove_bidx
                0x00008cd2       0x3a zephyr/libzephyr.a(heap.c.obj)
 .text.free_list_remove
                0x00008d0c       0x1a zephyr/libzephyr.a(heap.c.obj)
 .text.alloc_chunk
                0x00008d26       0x6c zephyr/libzephyr.a(heap.c.obj)
 .text.merge_chunks
                0x00008d92       0x2e zephyr/libzephyr.a(heap.c.obj)
 .text.split_chunks
                0x00008dc0       0x34 zephyr/libzephyr.a(heap.c.obj)
 .text.free_chunk
                0x00008df4       0x62 zephyr/libzephyr.a(heap.c.obj)
 .text.sys_heap_alloc
                0x00008e56       0x54 zephyr/libzephyr.a(heap.c.obj)
                0x00008e56                sys_heap_alloc
 .text.sys_notify_validate
                0x00008eaa       0x28 zephyr/libzephyr.a(notify.c.obj)
                0x00008eaa                sys_notify_validate
 .text.abort_function
                0x00008ed2        0x8 zephyr/libzephyr.a(nrf_cc3xx_platform_abort_zephyr.c.obj)
 .text.process_recheck
                0x00008eda       0x38 zephyr/libzephyr.a(onoff.c.obj)
 .text.notify_one
                0x00008f12       0x2c zephyr/libzephyr.a(onoff.c.obj)
 .text.validate_args
                0x00008f3e       0x1e zephyr/libzephyr.a(onoff.c.obj)
 .text.onoff_manager_init
                0x00008f5c       0x26 zephyr/libzephyr.a(onoff.c.obj)
                0x00008f5c                onoff_manager_init
 .text.arch_printk_char_out
                0x00008f82        0x4 zephyr/libzephyr.a(printk.c.obj)
                0x00008f82                arch_printk_char_out
 .text.printk   0x00008f86       0x1a zephyr/libzephyr.a(printk.c.obj)
                0x00008f86                printk
 .text.pm_policy_next_state
                0x00008fa0        0xa zephyr/libzephyr.a(residency.c.obj)
                0x00008fa0                pm_policy_next_state
 .text.z_thread_entry
                0x00008faa       0x14 zephyr/libzephyr.a(thread_entry.c.obj)
                0x00008faa                z_thread_entry
 .text.z_arm_fatal_error
                0x00008fbe        0x4 zephyr/arch/arch/arm/core/aarch32/libarch__arm__core__aarch32.a(fatal.c.obj)
                0x00008fbe                z_arm_fatal_error
 .text.z_do_kernel_oops
                0x00008fc2        0x8 zephyr/arch/arch/arm/core/aarch32/libarch__arm__core__aarch32.a(fatal.c.obj)
                0x00008fc2                z_do_kernel_oops
 .text.z_irq_spurious
                0x00008fca        0x8 zephyr/arch/arch/arm/core/aarch32/libarch__arm__core__aarch32.a(irq_manage.c.obj)
                0x00008fca                z_irq_spurious
 .text.z_arm_nmi
                0x00008fd2        0xe zephyr/arch/arch/arm/core/aarch32/libarch__arm__core__aarch32.a(nmi.c.obj)
                0x00008fd2                z_arm_nmi
 .text._stdout_hook_default
                0x00008fe0        0x6 zephyr/lib/libc/minimal/liblib__libc__minimal.a(stdout_console.c.obj)
 .text.strcpy   0x00008fe6       0x14 zephyr/lib/libc/minimal/liblib__libc__minimal.a(string.c.obj)
                0x00008fe6                strcpy
 .text.strlen   0x00008ffa        0xe zephyr/lib/libc/minimal/liblib__libc__minimal.a(string.c.obj)
                0x00008ffa                strlen
 .text.strnlen  0x00009008       0x12 zephyr/lib/libc/minimal/liblib__libc__minimal.a(string.c.obj)
                0x00009008                strnlen
 .text.strcmp   0x0000901a       0x18 zephyr/lib/libc/minimal/liblib__libc__minimal.a(string.c.obj)
                0x0000901a                strcmp
 .text.memcpy   0x00009032       0x16 zephyr/lib/libc/minimal/liblib__libc__minimal.a(string.c.obj)
                0x00009032                memcpy
 .text.memset   0x00009048       0x12 zephyr/lib/libc/minimal/liblib__libc__minimal.a(string.c.obj)
                0x00009048                memset
 .text.pm_power_state_set
                0x0000905a       0x26 zephyr/soc/arm/nordic_nrf/nrf52/libsoc__arm__nordic_nrf__nrf52.a(power.c.obj)
                0x0000905a                pm_power_state_set
 .text.pm_power_state_exit_post_ops
                0x00009080       0x16 zephyr/soc/arm/nordic_nrf/nrf52/libsoc__arm__nordic_nrf__nrf52.a(power.c.obj)
                0x00009080                pm_power_state_exit_post_ops
 .text.adc_context_on_timer_expired
                0x00009096       0x2e zephyr/drivers/adc/libdrivers__adc.a(adc_nrfx_saadc.c.obj)
 .text.set_starting_state
                0x000090c4       0x3c zephyr/drivers/clock_control/libdrivers__clock_control.a(clock_control_nrf.c.obj)
 .text.set_on_state
                0x00009100       0x26 zephyr/drivers/clock_control/libdrivers__clock_control.a(clock_control_nrf.c.obj)
 .text.onoff_started_callback
                0x00009126        0xc zephyr/drivers/clock_control/libdrivers__clock_control.a(clock_control_nrf.c.obj)
 .text.lfclk_start
                0x00009132        0x6 zephyr/drivers/clock_control/libdrivers__clock_control.a(clock_control_nrf.c.obj)
 .text.lfclk_stop
                0x00009138        0x6 zephyr/drivers/clock_control/libdrivers__clock_control.a(clock_control_nrf.c.obj)
 .text.api_stop
                0x0000913e        0x6 zephyr/drivers/clock_control/libdrivers__clock_control.a(clock_control_nrf.c.obj)
 .text.blocking_start_callback
                0x00009144        0x6 zephyr/drivers/clock_control/libdrivers__clock_control.a(clock_control_nrf.c.obj)
 .text.api_start
                0x0000914a       0x36 zephyr/drivers/clock_control/libdrivers__clock_control.a(clock_control_nrf.c.obj)
 .text.gpio_nrfx_port_get_raw
                0x00009180        0xe zephyr/drivers/gpio/libdrivers__gpio.a(gpio_nrfx.c.obj)
 .text.gpio_nrfx_port_set_masked_raw
                0x0000918e       0x16 zephyr/drivers/gpio/libdrivers__gpio.a(gpio_nrfx.c.obj)
 .text.gpio_nrfx_port_set_bits_raw
                0x000091a4        0xc zephyr/drivers/gpio/libdrivers__gpio.a(gpio_nrfx.c.obj)
 .text.gpio_nrfx_port_clear_bits_raw
                0x000091b0        0xc zephyr/drivers/gpio/libdrivers__gpio.a(gpio_nrfx.c.obj)
 .text.gpio_nrfx_port_toggle_bits
                0x000091bc       0x12 zephyr/drivers/gpio/libdrivers__gpio.a(gpio_nrfx.c.obj)
 .text.any_other_channel_is_active
                0x000091ce       0x2a zephyr/drivers/pwm/libdrivers__pwm.a(pwm_nrfx.c.obj)
 .text.pwm_nrfx_pin_set
                0x000091f8      0x170 zephyr/drivers/pwm/libdrivers__pwm.a(pwm_nrfx.c.obj)
 .text.uarte_nrfx_isr_int
                0x00009368       0x74 zephyr/drivers/serial/libdrivers__serial.a(uart_nrfx_uarte.c.obj)
 .text.uarte_nrfx_config_get
                0x000093dc       0x10 zephyr/drivers/serial/libdrivers__serial.a(uart_nrfx_uarte.c.obj)
 .text.uarte_nrfx_err_check
                0x000093ec        0xe zephyr/drivers/serial/libdrivers__serial.a(uart_nrfx_uarte.c.obj)
 .text.is_tx_ready
                0x000093fa       0x20 zephyr/drivers/serial/libdrivers__serial.a(uart_nrfx_uarte.c.obj)
 .text.uarte_nrfx_poll_in
                0x0000941a       0x26 zephyr/drivers/serial/libdrivers__serial.a(uart_nrfx_uarte.c.obj)
 .text.uarte_0_init
                0x00009440       0x1e zephyr/drivers/serial/libdrivers__serial.a(uart_nrfx_uarte.c.obj)
 .text.uarte_1_init
                0x0000945e       0x1e zephyr/drivers/serial/libdrivers__serial.a(uart_nrfx_uarte.c.obj)
 .text.sys_clock_idle_exit
                0x0000947c        0x2 zephyr/drivers/timer/libdrivers__timer.a(sys_clock_init.c.obj)
                0x0000947c                sys_clock_idle_exit
 .text.k_sys_fatal_error_handler
                0x0000947e        0x8 modules/nrf/lib/fatal_error/lib..__nrf__lib__fatal_error.a(fatal_error.c.obj)
                0x0000947e                k_sys_fatal_error_handler
 .text.hw_cc3xx_init_internal
                0x00009486        0x4 modules/nrf/drivers/hw_cc310/lib..__nrf__drivers__hw_cc310.a(hw_cc310.c.obj)
 .text.hw_cc3xx_init
                0x0000948a       0x12 modules/nrf/drivers/hw_cc310/lib..__nrf__drivers__hw_cc310.a(hw_cc310.c.obj)
 .text.nrfx_isr
                0x0000949c        0x2 modules/hal_nordic/nrfx/libmodules__hal_nordic__nrfx.a(nrfx_glue.c.obj)
                0x0000949c                nrfx_isr
 .text.nrfx_busy_wait
                0x0000949e        0x4 modules/hal_nordic/nrfx/libmodules__hal_nordic__nrfx.a(nrfx_glue.c.obj)
                0x0000949e                nrfx_busy_wait
 .text.nrf_gpio_pin_present_check
                0x000094a2       0x22 modules/hal_nordic/nrfx/libmodules__hal_nordic__nrfx.a(nrfx_gpiote.c.obj)
 .text.nrf_gpiote_in_event_get
                0x000094c4        0x8 modules/hal_nordic/nrfx/libmodules__hal_nordic__nrfx.a(nrfx_gpiote.c.obj)
 .text.nrf_gpio_reconfigure
                0x000094cc       0x96 modules/hal_nordic/nrfx/libmodules__hal_nordic__nrfx.a(nrfx_gpiote.c.obj)
 .text.nrf_gpio_cfg_sense_set
                0x00009562       0x1e modules/hal_nordic/nrfx/libmodules__hal_nordic__nrfx.a(nrfx_gpiote.c.obj)
 .text.start_playback.isra.0
                0x00009580       0x46 modules/hal_nordic/nrfx/libmodules__hal_nordic__nrfx.a(nrfx_pwm.c.obj)
 .text.SEGGER_RTT_Init
                0x000095c6        0x4 modules/segger/libmodules__segger.a(SEGGER_RTT.c.obj)
                0x000095c6                SEGGER_RTT_Init
 .text.rtt_init
                0x000095ca        0xa modules/segger/libmodules__segger.a(SEGGER_RTT_zephyr.c.obj)
 .text.z_device_state_init
                0x000095d4        0x2 zephyr/kernel/libkernel.a(device.c.obj)
                0x000095d4                z_device_state_init
 .text.z_device_ready
                0x000095d6       0x14 zephyr/kernel/libkernel.a(device.c.obj)
                0x000095d6                z_device_ready
 .text.z_pm_save_idle_exit
                0x000095ea        0xe zephyr/kernel/libkernel.a(idle.c.obj)
                0x000095ea                z_pm_save_idle_exit
 .text.k_mem_slab_init
                0x000095f8       0x38 zephyr/kernel/libkernel.a(mem_slab.c.obj)
                0x000095f8                k_mem_slab_init
 .text.z_impl_k_mutex_init
                0x00009630        0xe zephyr/kernel/libkernel.a(mutex.c.obj)
                0x00009630                z_impl_k_mutex_init
 .text.z_handle_obj_poll_events
                0x0000963e       0x1c zephyr/kernel/libkernel.a(poll.c.obj)
                0x0000963e                z_handle_obj_poll_events
 .text.z_queue_node_peek
                0x0000965a       0x18 zephyr/kernel/libkernel.a(queue.c.obj)
                0x0000965a                z_queue_node_peek
 .text.z_impl_k_queue_init
                0x00009672       0x1a zephyr/kernel/libkernel.a(queue.c.obj)
                0x00009672                z_impl_k_queue_init
 .text.k_queue_append
                0x0000968c       0x16 zephyr/kernel/libkernel.a(queue.c.obj)
                0x0000968c                k_queue_append
 .text.z_reschedule_irqlock
                0x000096a2       0x18 zephyr/kernel/libkernel.a(sched.c.obj)
                0x000096a2                z_reschedule_irqlock
 .text.z_reschedule_unlocked
                0x000096ba       0x14 zephyr/kernel/libkernel.a(sched.c.obj)
 .text.z_priq_dumb_best
                0x000096ce       0x14 zephyr/kernel/libkernel.a(sched.c.obj)
                0x000096ce                z_priq_dumb_best
 .text.z_unpend_all
                0x000096e2       0x20 zephyr/kernel/libkernel.a(sched.c.obj)
                0x000096e2                z_unpend_all
 .text.k_is_in_isr
                0x00009702        0xc zephyr/kernel/libkernel.a(thread.c.obj)
                0x00009702                k_is_in_isr
 .text.z_impl_k_thread_name_set
                0x0000970e        0x6 zephyr/kernel/libkernel.a(thread.c.obj)
                0x0000970e                z_impl_k_thread_name_set
 .text.z_impl_k_thread_start
                0x00009714        0x4 zephyr/kernel/libkernel.a(thread.c.obj)
                0x00009714                z_impl_k_thread_start
 .text.sys_clock_tick_get_32
                0x00009718        0x8 zephyr/kernel/libkernel.a(timeout.c.obj)
                0x00009718                sys_clock_tick_get_32
 .text.z_impl_k_uptime_ticks
                0x00009720        0x4 zephyr/kernel/libkernel.a(timeout.c.obj)
                0x00009720                z_impl_k_uptime_ticks
 .text.z_impl_k_busy_wait
                0x00009724        0x8 zephyr/kernel/libkernel.a(timeout.c.obj)
                0x00009724                z_impl_k_busy_wait
 .text.sys_clock_timeout_end_calc
                0x0000972c       0x52 zephyr/kernel/libkernel.a(timeout.c.obj)
                0x0000972c                sys_clock_timeout_end_calc
 .text.z_impl_k_timer_stop
                0x0000977e       0x3a zephyr/kernel/libkernel.a(timer.c.obj)
                0x0000977e                z_impl_k_timer_stop
 .text.notify_queue_locked
                0x000097b8        0xe zephyr/kernel/libkernel.a(work.c.obj)
 .text.k_free   0x000097c6        0xe zephyr/kernel/libkernel.a(mempool.c.obj)
                0x000097c6                k_free
 .text.k_heap_init
                0x000097d4       0x10 zephyr/kernel/libkernel.a(kheap.c.obj)
                0x000097d4                k_heap_init
 .text._OffsetAbsSyms
                0x000097e4        0x2 zephyr/CMakeFiles/offsets.dir/./arch/arm/core/offsets/offsets.c.obj
                0x000097e4                _OffsetAbsSyms
 *(SORT_BY_ALIGNMENT(.TEXT.*))
 *fill*         0x000097e6        0x2 
 .TEXT.z_arm_platform_init
                0x000097e8        0x4 zephyr/libzephyr.a(soc_nrf_common.S.obj)
                0x000097e8                z_arm_platform_init
 *(SORT_BY_ALIGNMENT(.gnu.linkonce.t.*))
 *(SORT_BY_ALIGNMENT(.glue_7t))
 .glue_7t       0x000097ec        0x0 linker stubs
 *(SORT_BY_ALIGNMENT(.glue_7))
 .glue_7        0x000097ec        0x0 linker stubs
 *(SORT_BY_ALIGNMENT(.vfp11_veneer))
 .vfp11_veneer  0x000097ec        0x0 linker stubs
 *(SORT_BY_ALIGNMENT(.v4_bx))
 .v4_bx         0x000097ec        0x0 linker stubs
                0x000097ec                __text_region_end = .

.ARM.exidx      0x000097ec        0x8
                0x000097ec                __exidx_start = .
 *(SORT_BY_ALIGNMENT(.ARM.exidx*) SORT_BY_ALIGNMENT(gnu.linkonce.armexidx.*))
 .ARM.exidx     0x000097ec        0x8 d:/toolchain/v1.9.1/toolchain/opt/bin/../lib/gcc/arm-none-eabi/9.2.1/thumb/v7e-m/nofp\libgcc.a(_udivmoddi4.o)
                0x000097f4                __exidx_end = .
                0x000097f4                __rodata_region_start = .

initlevel       0x000097f4       0x80
                0x000097f4                __init_start = .
                0x000097f4                __init_PRE_KERNEL_1_start = .
 *(SORT_BY_NAME(SORT_BY_ALIGNMENT(.z_init_PRE_KERNEL_1[0-9]_*)))
 .z_init_PRE_KERNEL_10_
                0x000097f4        0x8 zephyr/soc/arm/nordic_nrf/nrf52/libsoc__arm__nordic_nrf__nrf52.a(soc.c.obj)
 *(SORT_BY_NAME(SORT_BY_ALIGNMENT(.z_init_PRE_KERNEL_1[1-9][0-9]_*)))
 .z_init_PRE_KERNEL_130_
                0x000097fc        0x8 zephyr/drivers/clock_control/libdrivers__clock_control.a(clock_control_nrf.c.obj)
 .z_init_PRE_KERNEL_130_
                0x00009804        0x8 modules/segger/libmodules__segger.a(SEGGER_RTT_zephyr.c.obj)
 .z_init_PRE_KERNEL_130_
                0x0000980c        0x8 zephyr/kernel/libkernel.a(mem_slab.c.obj)
 .z_init_PRE_KERNEL_130_
                0x00009814        0x8 zephyr/kernel/libkernel.a(kheap.c.obj)
 .z_init_PRE_KERNEL_140_
                0x0000981c       0x10 zephyr/drivers/gpio/libdrivers__gpio.a(gpio_nrfx.c.obj)
 .z_init_PRE_KERNEL_140_
                0x0000982c        0x8 modules/nrf/drivers/hw_cc310/lib..__nrf__drivers__hw_cc310.a(hw_cc310.c.obj)
 .z_init_PRE_KERNEL_155_
                0x00009834       0x10 zephyr/drivers/serial/libdrivers__serial.a(uart_nrfx_uarte.c.obj)
 .z_init_PRE_KERNEL_160_
                0x00009844        0x8 zephyr/drivers/console/libdrivers__console.a(uart_console.c.obj)
                0x0000984c                __init_PRE_KERNEL_2_start = .
 *(SORT_BY_NAME(SORT_BY_ALIGNMENT(.z_init_PRE_KERNEL_2[0-9]_*)))
 .z_init_PRE_KERNEL_20_
                0x0000984c        0x8 zephyr/drivers/timer/libdrivers__timer.a(nrf_rtc_timer.c.obj)
 *(SORT_BY_NAME(SORT_BY_ALIGNMENT(.z_init_PRE_KERNEL_2[1-9][0-9]_*)))
                0x00009854                __init_POST_KERNEL_start = .
 *(SORT_BY_NAME(SORT_BY_ALIGNMENT(.z_init_POST_KERNEL[0-9]_*)))
 *(SORT_BY_NAME(SORT_BY_ALIGNMENT(.z_init_POST_KERNEL[1-9][0-9]_*)))
 .z_init_POST_KERNEL40_
                0x00009854        0x8 modules/nrf/drivers/hw_cc310/lib..__nrf__drivers__hw_cc310.a(hw_cc310.c.obj)
 .z_init_POST_KERNEL40_
                0x0000985c        0x8 zephyr/kernel/libkernel.a(system_work_q.c.obj)
 .z_init_POST_KERNEL50_
                0x00009864        0x8 zephyr/drivers/adc/libdrivers__adc.a(adc_nrfx_saadc.c.obj)
 .z_init_POST_KERNEL50_
                0x0000986c        0x8 zephyr/drivers/pwm/libdrivers__pwm.a(pwm_nrfx.c.obj)
                0x00009874                __init_APPLICATION_start = .
 *(SORT_BY_NAME(SORT_BY_ALIGNMENT(.z_init_APPLICATION[0-9]_*)))
 *(SORT_BY_NAME(SORT_BY_ALIGNMENT(.z_init_APPLICATION[1-9][0-9]_*)))
                0x00009874                __init_SMP_start = .
 *(SORT_BY_NAME(SORT_BY_ALIGNMENT(.z_init_SMP[0-9]_*)))
 *(SORT_BY_NAME(SORT_BY_ALIGNMENT(.z_init_SMP[1-9][0-9]_*)))
                0x00009874                __init_end = .

devices         0x00009874       0xa8
                0x00009874                __device_start = .
                0x00009874                __device_PRE_KERNEL_1_start = .
 *(SORT_BY_NAME(SORT_BY_ALIGNMENT(.z_device_PRE_KERNEL_1[0-9]_*)))
 *(SORT_BY_NAME(SORT_BY_ALIGNMENT(.z_device_PRE_KERNEL_1[1-9][0-9]_*)))
 .z_device_PRE_KERNEL_130_
                0x00009874       0x18 zephyr/drivers/clock_control/libdrivers__clock_control.a(clock_control_nrf.c.obj)
                0x00009874                __device_dts_ord_27
 .z_device_PRE_KERNEL_140_
                0x0000988c       0x30 zephyr/drivers/gpio/libdrivers__gpio.a(gpio_nrfx.c.obj)
                0x0000988c                __device_dts_ord_11
                0x000098a4                __device_dts_ord_54
 .z_device_PRE_KERNEL_155_
                0x000098bc       0x30 zephyr/drivers/serial/libdrivers__serial.a(uart_nrfx_uarte.c.obj)
                0x000098bc                __device_dts_ord_63
                0x000098d4                __device_dts_ord_62
                0x000098ec                __device_PRE_KERNEL_2_start = .
 *(SORT_BY_NAME(SORT_BY_ALIGNMENT(.z_device_PRE_KERNEL_2[0-9]_*)))
 *(SORT_BY_NAME(SORT_BY_ALIGNMENT(.z_device_PRE_KERNEL_2[1-9][0-9]_*)))
                0x000098ec                __device_POST_KERNEL_start = .
 *(SORT_BY_NAME(SORT_BY_ALIGNMENT(.z_device_POST_KERNEL[0-9]_*)))
 *(SORT_BY_NAME(SORT_BY_ALIGNMENT(.z_device_POST_KERNEL[1-9][0-9]_*)))
 .z_device_POST_KERNEL50_
                0x000098ec       0x18 zephyr/drivers/adc/libdrivers__adc.a(adc_nrfx_saadc.c.obj)
                0x000098ec                __device_dts_ord_26
 .z_device_POST_KERNEL50_
                0x00009904       0x18 zephyr/drivers/pwm/libdrivers__pwm.a(pwm_nrfx.c.obj)
                0x00009904                __device_dts_ord_24
                0x0000991c                __device_APPLICATION_start = .
 *(SORT_BY_NAME(SORT_BY_ALIGNMENT(.z_device_APPLICATION[0-9]_*)))
 *(SORT_BY_NAME(SORT_BY_ALIGNMENT(.z_device_APPLICATION[1-9][0-9]_*)))
                0x0000991c                __device_SMP_start = .
 *(SORT_BY_NAME(SORT_BY_ALIGNMENT(.z_device_SMP[0-9]_*)))
 *(SORT_BY_NAME(SORT_BY_ALIGNMENT(.z_device_SMP[1-9][0-9]_*)))
                0x0000991c                __device_end = .

sw_isr_table    0x0000991c      0x180
                0x0000991c                . = ALIGN (0x0)
 *(SORT_BY_ALIGNMENT(.gnu.linkonce.sw_isr_table*))
 .gnu.linkonce.sw_isr_table
                0x0000991c      0x180 zephyr/arch/common/libisr_tables.a(isr_tables.c.obj)
                0x0000991c                _sw_isr_table

initlevel_error
                0x000097f4        0x0
 *(SORT_BY_NAME(SORT_BY_ALIGNMENT(.z_init_[_A-Z0-9]*)))
                0x00000001                ASSERT ((SIZEOF (initlevel_error) == 0x0), Undefined initialization levels used.)

app_shmem_regions
                0x00009a9c        0x0
                0x00009a9c                __app_shmem_regions_start = .
 *(SORT_BY_NAME(SORT_BY_ALIGNMENT(.app_regions.*)))
                0x00009a9c                __app_shmem_regions_end = .

bt_l2cap_fixed_chan_area
                0x00009a9c        0x0
                0x00009a9c                _bt_l2cap_fixed_chan_list_start = .
 *(SORT_BY_NAME(SORT_BY_ALIGNMENT(._bt_l2cap_fixed_chan.static.*)))
                0x00009a9c                _bt_l2cap_fixed_chan_list_end = .

bt_gatt_service_static_area
                0x00009a9c        0x0
                0x00009a9c                _bt_gatt_service_static_list_start = .
 *(SORT_BY_NAME(SORT_BY_ALIGNMENT(._bt_gatt_service_static.static.*)))
                0x00009a9c                _bt_gatt_service_static_list_end = .

k_p4wq_initparam_area
                0x00009a9c        0x0
                0x00009a9c                _k_p4wq_initparam_list_start = .
 *(SORT_BY_NAME(SORT_BY_ALIGNMENT(._k_p4wq_initparam.static.*)))
                0x00009a9c                _k_p4wq_initparam_list_end = .

log_strings_sections
                0x00009a9c        0x0
                0x00009a9c                __log_strings_start = .
 *(SORT_BY_NAME(SORT_BY_ALIGNMENT(.log_strings*)))
                0x00009a9c                __log_strings_end = .

log_const_sections
                0x00009a9c        0x0
                0x00009a9c                __log_const_start = .
 *(SORT_BY_NAME(SORT_BY_ALIGNMENT(.log_const_*)))
                0x00009a9c                __log_const_end = .

log_backends_sections
                0x00009a9c        0x0
                0x00009a9c                __log_backends_start = .
 *(SORT_BY_ALIGNMENT(._log_backend.*))
                0x00009a9c                __log_backends_end = .

shell_area      0x00009a9c        0x0
                0x00009a9c                _shell_list_start = .
 *(SORT_BY_NAME(SORT_BY_ALIGNMENT(._shell.static.*)))
                0x00009a9c                _shell_list_end = .

shell_root_cmds_sections
                0x00009a9c        0x0
                0x00009a9c                __shell_root_cmds_start = .
 *(SORT_BY_NAME(SORT_BY_ALIGNMENT(.shell_root_cmd_*)))
                0x00009a9c                __shell_root_cmds_end = .

font_entry_sections
                0x00009a9c        0x0
                0x00009a9c                __font_entry_start = .
 *(SORT_BY_NAME(SORT_BY_ALIGNMENT(._cfb_font.*)))
                0x00009a9c                __font_entry_end = .

tracing_backend_area
                0x00009a9c        0x0
                0x00009a9c                _tracing_backend_list_start = .
 *(SORT_BY_NAME(SORT_BY_ALIGNMENT(._tracing_backend.static.*)))
                0x00009a9c                _tracing_backend_list_end = .

zephyr_dbg_info
 *(SORT_BY_ALIGNMENT(.dbg_thread_info))

device_handles  0x00009a9c       0x56
                0x00009a9c                __device_handles_start = .
 *(SORT_BY_NAME(SORT_BY_ALIGNMENT(.__device_handles_pass1*)))
 .__device_handles_pass1
                0x00009a9c        0xa zephyr/drivers/adc/libdrivers__adc.a(adc_nrfx_saadc.c.obj)
                0x00009a9c                __devicehdl_DT_N_S_soc_S_adc_40007000
 .__device_handles_pass1
                0x00009aa6        0xa zephyr/drivers/clock_control/libdrivers__clock_control.a(clock_control_nrf.c.obj)
                0x00009aa6                __devicehdl_DT_N_S_soc_S_clock_40000000
 .__device_handles_pass1
                0x00009ab0       0x22 zephyr/drivers/gpio/libdrivers__gpio.a(gpio_nrfx.c.obj)
                0x00009ab0                __devicehdl_DT_N_S_soc_S_gpio_50000300
                0x00009aba                __devicehdl_DT_N_S_soc_S_gpio_50000000
 .__device_handles_pass1
                0x00009ad2        0xc zephyr/drivers/pwm/libdrivers__pwm.a(pwm_nrfx.c.obj)
                0x00009ad2                __devicehdl_DT_N_S_soc_S_pwm_4001c000
 .__device_handles_pass1
                0x00009ade       0x14 zephyr/drivers/serial/libdrivers__serial.a(uart_nrfx_uarte.c.obj)
                0x00009ade                __devicehdl_DT_N_S_soc_S_uart_40028000
                0x00009ae8                __devicehdl_DT_N_S_soc_S_uart_40002000
                0x00009af2                __device_handles_end = .

rodata          0x00009b00     0x1798
 *(SORT_BY_ALIGNMENT(.rodata))
 *(SORT_BY_ALIGNMENT(.rodata.*))
 .rodata.delay_machine_code.12410
                0x00009b00        0x6 zephyr/soc/arm/nordic_nrf/nrf52/libsoc__arm__nordic_nrf__nrf52.a(soc.c.obj)
 *fill*         0x00009b06        0x2 
 .rodata.apis   0x00009b08        0x8 zephyr/libzephyr.a(nrf_cc3xx_platform_abort_zephyr.c.obj)
 .rodata.mutex_apis
                0x00009b10       0x10 zephyr/libzephyr.a(nrf_cc3xx_platform_mutex_zephyr.c.obj)
 .rodata.mutexes
                0x00009b20       0x14 zephyr/libzephyr.a(nrf_cc3xx_platform_mutex_zephyr.c.obj)
 .rodata.static_regions
                0x00009b34        0xc zephyr/arch/arch/arm/core/aarch32/mpu/libarch__arm__core__aarch32__mpu.a(arm_core_mpu.c.obj)
 .rodata.mpu_config
                0x00009b40        0x8 zephyr/soc/arm/common/cortex_m/libsoc__arm__common__cortex_m.a(arm_mpu_regions.c.obj)
                0x00009b40                mpu_config
 .rodata.mpu_regions
                0x00009b48       0x18 zephyr/soc/arm/common/cortex_m/libsoc__arm__common__cortex_m.a(arm_mpu_regions.c.obj)
 .rodata.adc_nrfx_driver_api
                0x00009b60       0x10 zephyr/drivers/adc/libdrivers__adc.a(adc_nrfx_saadc.c.obj)
 .rodata.clock_control_api
                0x00009b70       0x18 zephyr/drivers/clock_control/libdrivers__clock_control.a(clock_control_nrf.c.obj)
 .rodata.config
                0x00009b88       0x10 zephyr/drivers/clock_control/libdrivers__clock_control.a(clock_control_nrf.c.obj)
 .rodata.transitions.11168
                0x00009b98        0xc zephyr/drivers/clock_control/libdrivers__clock_control.a(clock_control_nrf.c.obj)
 .rodata.gpio_nrfx_drv_api_funcs
                0x00009ba4       0x24 zephyr/drivers/gpio/libdrivers__gpio.a(gpio_nrfx.c.obj)
 .rodata.gpio_nrfx_p0_cfg
                0x00009bc8       0x10 zephyr/drivers/gpio/libdrivers__gpio.a(gpio_nrfx.c.obj)
 .rodata.gpio_nrfx_p1_cfg
                0x00009bd8       0x10 zephyr/drivers/gpio/libdrivers__gpio.a(gpio_nrfx.c.obj)
 .rodata.pwm_nrfx_0config
                0x00009be8       0x28 zephyr/drivers/pwm/libdrivers__pwm.a(pwm_nrfx.c.obj)
 .rodata.pwm_nrfx_drv_api_funcs
                0x00009c10        0x8 zephyr/drivers/pwm/libdrivers__pwm.a(pwm_nrfx.c.obj)
 .rodata.uart_nrfx_uarte_driver_api
                0x00009c18       0x14 zephyr/drivers/serial/libdrivers__serial.a(uart_nrfx_uarte.c.obj)
 .rodata.uarte_0z_config
                0x00009c2c       0x20 zephyr/drivers/serial/libdrivers__serial.a(uart_nrfx_uarte.c.obj)
 .rodata.uarte_1z_config
                0x00009c4c       0x20 zephyr/drivers/serial/libdrivers__serial.a(uart_nrfx_uarte.c.obj)
 .rodata.levels.9433
                0x00009c6c       0x14 zephyr/kernel/libkernel.a(device.c.obj)
 .rodata._k_neg_eagain
                0x00009c80        0x4 zephyr/kernel/libkernel.a(errno.c.obj)
                0x00009c80                _k_neg_eagain
 .rodata.CSWTCH.8
                0x00009c84       0x1c D:/toolchain/v1.9.1/nrfxlib/crypto/nrf_cc310_platform/lib/cortex-m4/soft-float/no-interrupts/libnrf_cc310_platform_0.9.13.a(nrf_cc3xx_platform.c.obj)
 .rodata.mutex_free.str1.4
                0x00009ca0       0x26 D:/toolchain/v1.9.1/nrfxlib/crypto/nrf_cc310_platform/lib/cortex-m4/soft-float/no-interrupts/libnrf_cc310_platform_0.9.13.a(nrf_cc3xx_platform_mutex.c.obj)
 *fill*         0x00009cc6        0x2 
 .rodata.mutex_init.str1.4
                0x00009cc8       0x23 D:/toolchain/v1.9.1/nrfxlib/crypto/nrf_cc310_platform/lib/cortex-m4/soft-float/no-interrupts/libnrf_cc310_platform_0.9.13.a(nrf_cc3xx_platform_mutex.c.obj)
 *fill*         0x00009ceb        0x1 
 .rodata.CC_PalPowerSaveModeInit.str1.4
                0x00009cec       0x20 D:/toolchain/v1.9.1/nrfxlib/crypto/nrf_cc310_platform/lib/cortex-m4/soft-float/no-interrupts/libnrf_cc310_platform_0.9.13.a(cc_pal_pm.c.obj)
 .rodata.my_channel_cfg
                0x00009d0c        0x8 app/libapp.a(main.c.obj)
 .rodata.thread_ADC_code.str1.1
                0x00009d14      0x1b7 app/libapp.a(main.c.obj)
 .rodata.thread_PWM_code.str1.1
                0x00009ecb       0x5e app/libapp.a(main.c.obj)
 .rodata.main.str1.1
                0x00009f29       0x1b app/libapp.a(main.c.obj)
 .rodata.cbvprintf.str1.1
                0x00009f44        0x6 zephyr/libzephyr.a(cbprintf_complete.c.obj)
 .rodata.sys_heap_free.str1.1
                0x00009f4a       0xe9 zephyr/libzephyr.a(heap.c.obj)
 .rodata.sys_heap_aligned_alloc.str1.1
                0x0000a033       0x38 zephyr/libzephyr.a(heap.c.obj)
 .rodata.sys_heap_init.str1.1
                0x0000a06b       0xbb zephyr/libzephyr.a(heap.c.obj)
 .rodata.sys_notify_finalize.str1.1
                0x0000a126       0x23 zephyr/libzephyr.a(notify.c.obj)
                                 0x42 (size before relaxing)
 .rodata.mutex_free_platform.str1.1
                0x0000a149       0x26 zephyr/libzephyr.a(nrf_cc3xx_platform_mutex_zephyr.c.obj)
 .rodata.mutex_init_platform.str1.1
                0x0000a16f       0x2d zephyr/libzephyr.a(nrf_cc3xx_platform_mutex_zephyr.c.obj)
 .rodata.process_event.str1.1
                0x0000a19c      0x122 zephyr/libzephyr.a(onoff.c.obj)
                                0x141 (size before relaxing)
 .rodata.pm_state_notify.str1.1
                0x0000a2be       0x9c zephyr/libzephyr.a(pm.c.obj)
 .rodata.sys_reboot.str1.1
                0x0000a2be       0x29 zephyr/libzephyr.a(reboot.c.obj)
 .rodata.z_arm_irq_priority_set.str1.1
                0x0000a2e7       0x91 zephyr/arch/arch/arm/core/aarch32/libarch__arm__core__aarch32.a(irq_manage.c.obj)
                                 0xae (size before relaxing)
 .rodata.mem_manage_fault.str1.1
                0x0000a378       0xa7 zephyr/arch/arch/arm/core/aarch32/cortex_m/libarch__arm__core__aarch32__cortex_m.a(fault.c.obj)
                                 0xc4 (size before relaxing)
 .rodata.z_arm_fault.str1.1
                0x0000a41f       0xa5 zephyr/arch/arch/arm/core/aarch32/cortex_m/libarch__arm__core__aarch32__cortex_m.a(fault.c.obj)
                                 0xa7 (size before relaxing)
 .rodata.arm_core_mpu_configure_static_mpu_regions.str1.1
                0x0000a4c4       0x63 zephyr/arch/arch/arm/core/aarch32/mpu/libarch__arm__core__aarch32__mpu.a(arm_mpu.c.obj)
                                 0x82 (size before relaxing)
 .rodata.arm_core_mpu_configure_dynamic_mpu_regions.str1.1
                0x0000a527       0x2d zephyr/arch/arch/arm/core/aarch32/mpu/libarch__arm__core__aarch32__mpu.a(arm_mpu.c.obj)
 .rodata.z_arm_mpu_init.str1.1
                0x0000a554       0xa5 zephyr/arch/arch/arm/core/aarch32/mpu/libarch__arm__core__aarch32__mpu.a(arm_mpu.c.obj)
 .rodata.str1.1
                0x0000a5f9        0xf zephyr/soc/arm/common/cortex_m/libsoc__arm__common__cortex_m.a(arm_mpu_regions.c.obj)
 .rodata.CSWTCH.9
                0x0000a608        0x6 zephyr/soc/arm/nordic_nrf/nrf52/libsoc__arm__nordic_nrf__nrf52.a(soc.c.obj)
 .rodata.str1.1
                0x0000a60e        0x6 zephyr/drivers/adc/libdrivers__adc.a(adc_nrfx_saadc.c.obj)
 .rodata.get_status.str1.1
                0x0000a60e       0x61 zephyr/drivers/clock_control/libdrivers__clock_control.a(clock_control_nrf.c.obj)
                                 0x7e (size before relaxing)
 .rodata.clock_event_handler.str1.1
                0x0000a66f        0x2 zephyr/drivers/clock_control/libdrivers__clock_control.a(clock_control_nrf.c.obj)
 .rodata.z_nrf_clock_control_lf_on.str1.1
                0x0000a66f        0x9 zephyr/drivers/clock_control/libdrivers__clock_control.a(clock_control_nrf.c.obj)
 .rodata.str1.1
                0x0000a678        0x6 zephyr/drivers/clock_control/libdrivers__clock_control.a(clock_control_nrf.c.obj)
 .rodata.gpio_nrfx_manage_callback.str1.1
                0x0000a67e       0x6e zephyr/drivers/gpio/libdrivers__gpio.a(gpio_nrfx.c.obj)
                                 0x8b (size before relaxing)
 .rodata.nrfx_gpio_handler.str1.1
                0x0000a6ec        0xc zephyr/drivers/gpio/libdrivers__gpio.a(gpio_nrfx.c.obj)
 .rodata.gpio_nrfx_pin_interrupt_configure.str1.1
                0x0000a6f8       0x56 zephyr/drivers/gpio/libdrivers__gpio.a(gpio_nrfx.c.obj)
                                 0x58 (size before relaxing)
 .rodata.str1.1
                0x0000a74e        0xe zephyr/drivers/gpio/libdrivers__gpio.a(gpio_nrfx.c.obj)
 .rodata.nrf_gpio_pin_port_decode.str1.1
                0x0000a75c       0x75 zephyr/drivers/pwm/libdrivers__pwm.a(pwm_nrfx.c.obj)
 .rodata.str1.1
                0x0000a75c        0x6 zephyr/drivers/pwm/libdrivers__pwm.a(pwm_nrfx.c.obj)
 .rodata.nrf_gpio_pin_port_decode.str1.1
                0x0000a75c       0x75 zephyr/drivers/serial/libdrivers__serial.a(uart_nrfx_uarte.c.obj)
 .rodata.str1.1
                0x0000a75c        0xe zephyr/drivers/serial/libdrivers__serial.a(uart_nrfx_uarte.c.obj)
 .rodata.nrf_clock_is_running.constprop.0.str1.1
                0x0000a76a       0x34 modules/hal_nordic/nrfx/libmodules__hal_nordic__nrfx.a(nrfx_clock.c.obj)
                                 0x53 (size before relaxing)
 .rodata.nrfx_clock_init.str1.1
                0x0000a79e       0x4b modules/hal_nordic/nrfx/libmodules__hal_nordic__nrfx.a(nrfx_clock.c.obj)
 .rodata.nrfx_clock_enable.str1.1
                0x0000a7e9       0x1e modules/hal_nordic/nrfx/libmodules__hal_nordic__nrfx.a(nrfx_clock.c.obj)
 .rodata.legacy_handler.str1.1
                0x0000a807       0x64 modules/hal_nordic/nrfx/libmodules__hal_nordic__nrfx.a(nrfx_gpiote.c.obj)
                                 0x81 (size before relaxing)
 .rodata.release_handler.str1.1
                0x0000a86b       0x14 modules/hal_nordic/nrfx/libmodules__hal_nordic__nrfx.a(nrfx_gpiote.c.obj)
 .rodata.nrf_gpio_pin_port_decode.str1.1
                0x0000a87f       0x58 modules/hal_nordic/nrfx/libmodules__hal_nordic__nrfx.a(nrfx_gpiote.c.obj)
 .rodata.nrfx_gpiote_channel_get.str1.1
                0x0000a87f        0xa modules/hal_nordic/nrfx/libmodules__hal_nordic__nrfx.a(nrfx_gpiote.c.obj)
 .rodata.nrfx_gpiote_trigger_enable.str1.1
                0x0000a889       0x20 modules/hal_nordic/nrfx/libmodules__hal_nordic__nrfx.a(nrfx_gpiote.c.obj)
 .rodata.nrf_pwm_sequence_set.str1.1
                0x0000a8a9       0xcd modules/hal_nordic/nrfx/libmodules__hal_nordic__nrfx.a(nrfx_pwm.c.obj)
                                 0xea (size before relaxing)
 .rodata.nrf_gpio_pin_port_decode.str1.1
                0x0000a976       0x58 modules/hal_nordic/nrfx/libmodules__hal_nordic__nrfx.a(nrfx_pwm.c.obj)
 .rodata.nrfx_pwm_init.str1.1
                0x0000a976       0x65 modules/hal_nordic/nrfx/libmodules__hal_nordic__nrfx.a(nrfx_pwm.c.obj)
 .rodata.nrfx_pwm_uninit.str1.1
                0x0000a9db       0x2c modules/hal_nordic/nrfx/libmodules__hal_nordic__nrfx.a(nrfx_pwm.c.obj)
 .rodata.nrfx_pwm_simple_playback.str1.1
                0x0000aa07       0x3c modules/hal_nordic/nrfx/libmodules__hal_nordic__nrfx.a(nrfx_pwm.c.obj)
 .rodata.nrfx_pwm_stop.str1.1
                0x0000aa43       0x45 modules/hal_nordic/nrfx/libmodules__hal_nordic__nrfx.a(nrfx_pwm.c.obj)
 .rodata.CSWTCH.14
                0x0000aa88        0x6 modules/hal_nordic/nrfx/libmodules__hal_nordic__nrfx.a(system_nrf52840.c.obj)
 .rodata.CSWTCH.5
                0x0000aa8e        0x6 modules/hal_nordic/nrfx/libmodules__hal_nordic__nrfx.a(system_nrf52840.c.obj)
 .rodata._DoInit.str1.1
                0x0000aa94       0x14 modules/segger/libmodules__segger.a(SEGGER_RTT.c.obj)
 .rodata.z_fatal_error.str1.1
                0x0000aaa8       0x74 zephyr/kernel/libkernel.a(fatal.c.obj)
                                 0x91 (size before relaxing)
 .rodata.idle.str1.1
                0x0000ab1c       0x49 zephyr/kernel/libkernel.a(idle.c.obj)
                                 0x66 (size before relaxing)
 .rodata.z_cstart.str1.1
                0x0000ab65        0x5 zephyr/kernel/libkernel.a(init.c.obj)
 .rodata.init_mem_slab_module.str1.1
                0x0000ab6a       0x61 zephyr/kernel/libkernel.a(mem_slab.c.obj)
                                 0x7e (size before relaxing)
 .rodata.k_mem_slab_alloc.str1.1
                0x0000abcb       0x7f zephyr/kernel/libkernel.a(mem_slab.c.obj)
 .rodata.z_impl_k_mutex_lock.str1.1
                0x0000abcb       0x59 zephyr/kernel/libkernel.a(mutex.c.obj)
                                 0xf5 (size before relaxing)
 .rodata.z_impl_k_mutex_unlock.str1.1
                0x0000ac24       0x76 zephyr/kernel/libkernel.a(mutex.c.obj)
 .rodata.clear_event_registrations.str1.1
                0x0000ac9a       0xfb zephyr/kernel/libkernel.a(poll.c.obj)
                                0x199 (size before relaxing)
 .rodata.signal_poll_event.str1.1
                0x0000ad95       0x35 zephyr/kernel/libkernel.a(poll.c.obj)
 .rodata.queue_insert.str1.1
                0x0000adca       0x9c zephyr/kernel/libkernel.a(queue.c.obj)
 .rodata.k_sched_time_slice_set.str1.1
                0x0000adca       0x9c zephyr/kernel/libkernel.a(sched.c.obj)
 .rodata.k_sched_lock.str1.1
                0x0000adca       0x71 zephyr/kernel/libkernel.a(sched.c.obj)
 .rodata.z_priq_dumb_remove.str1.1
                0x0000adca       0x43 zephyr/kernel/libkernel.a(sched.c.obj)
 .rodata.unpend_thread_no_timeout.str1.1
                0x0000ae0d       0x17 zephyr/kernel/libkernel.a(sched.c.obj)
 .rodata.update_cache.str1.1
                0x0000ae24       0x27 zephyr/kernel/libkernel.a(sched.c.obj)
 .rodata.k_sched_unlock.str1.1
                0x0000ae4b       0x31 zephyr/kernel/libkernel.a(sched.c.obj)
 .rodata.z_tick_sleep.str1.1
                0x0000ae7c       0x40 zephyr/kernel/libkernel.a(sched.c.obj)
 .rodata.z_thread_abort.str1.1
                0x0000aebc       0x22 zephyr/kernel/libkernel.a(sched.c.obj)
                                 0x24 (size before relaxing)
 .rodata.z_impl_k_sem_give.str1.1
                0x0000aede       0x70 zephyr/kernel/libkernel.a(sem.c.obj)
 .rodata.z_impl_k_sem_take.str1.1
                0x0000aede       0x6d zephyr/kernel/libkernel.a(sem.c.obj)
                                 0x9c (size before relaxing)
 .rodata.k_sys_work_q_init.str1.1
                0x0000af4b        0x9 zephyr/kernel/libkernel.a(system_work_q.c.obj)
 .rodata.z_setup_new_thread.str1.1
                0x0000af54       0xd4 zephyr/kernel/libkernel.a(thread.c.obj)
                                 0xf1 (size before relaxing)
 .rodata.z_impl_k_thread_create.str1.1
                0x0000b028       0x25 zephyr/kernel/libkernel.a(thread.c.obj)
                                 0x37 (size before relaxing)
 .rodata.z_init_static_threads.str1.1
                0x0000b04d       0x2d zephyr/kernel/libkernel.a(thread.c.obj)
                                 0x4c (size before relaxing)
 .rodata.z_add_timeout.str1.1
                0x0000b07a       0x44 zephyr/kernel/libkernel.a(timeout.c.obj)
                                 0xe3 (size before relaxing)
 .rodata.z_timer_expiration_handler.str1.1
                0x0000b0be       0x9c zephyr/kernel/libkernel.a(timer.c.obj)
 .rodata.work_queue_main.str1.1
                0x0000b0be       0x38 zephyr/kernel/libkernel.a(work.c.obj)
                                 0xd4 (size before relaxing)
 .rodata.submit_to_queue_locked.str1.1
                0x0000b0f6       0x1b zephyr/kernel/libkernel.a(work.c.obj)
 .rodata.k_work_init.str1.1
                0x0000b111       0x14 zephyr/kernel/libkernel.a(work.c.obj)
 .rodata.k_work_queue_start.str1.1
                0x0000b125       0x40 zephyr/kernel/libkernel.a(work.c.obj)
 .rodata.boot_banner.str1.1
                0x0000b165       0x36 zephyr/kernel/libkernel.a(banner.c.obj)
                                 0x37 (size before relaxing)
 .rodata.z_heap_aligned_alloc.str1.1
                0x0000b19b       0x7e zephyr/kernel/libkernel.a(mempool.c.obj)
                                 0x9b (size before relaxing)
 .rodata.statics_init.str1.1
                0x0000b219       0x38 zephyr/kernel/libkernel.a(kheap.c.obj)
                                 0x74 (size before relaxing)
 .rodata.k_heap_aligned_alloc.str1.1
                0x0000b251       0x45 zephyr/kernel/libkernel.a(kheap.c.obj)
                                 0xc7 (size before relaxing)
 *(SORT_BY_ALIGNMENT(.gnu.linkonce.r.*))
                0x0000b298                . = ALIGN (0x4)
 *fill*         0x0000b296        0x2 
                0x0000b298                __rodata_region_end = .
                0x0000b2a0                . = ALIGN (_region_min_align)
                0x00010000                . = ALIGN ((0x1 << ((__rodata_region_end - __rom_region_start) <= 0x4)?0x2:((__rodata_region_end - __rom_region_start) <= 0x8)?0x3:((__rodata_region_end - __rom_region_start) <= 0x10)?0x4:((__rodata_region_end - __rom_region_start) <= 0x20)?0x5:((__rodata_region_end - __rom_region_start) <= 0x40)?0x6:((__rodata_region_end - __rom_region_start) <= 0x80)?0x7:((__rodata_region_end - __rom_region_start) <= 0x100)?0x8:((__rodata_region_end - __rom_region_start) <= 0x200)?0x9:((__rodata_region_end - __rom_region_start) <= 0x400)?0xa:((__rodata_region_end - __rom_region_start) <= 0x800)?0xb:((__rodata_region_end - __rom_region_start) <= 0x1000)?0xc:((__rodata_region_end - __rom_region_start) <= 0x2000)?0xd:((__rodata_region_end - __rom_region_start) <= 0x4000)?0xe:((__rodata_region_end - __rom_region_start) <= 0x8000)?0xf:((__rodata_region_end - __rom_region_start) <= 0x10000)?0x10:((__rodata_region_end - __rom_region_start) <= 0x20000)?0x11:((__rodata_region_end - __rom_region_start) <= 0x40000)?0x12:((__rodata_region_end - __rom_region_start) <= 0x80000)?0x13:((__rodata_region_end - __rom_region_start) <= 0x100000)?0x14:((__rodata_region_end - __rom_region_start) <= 0x200000)?0x15:((__rodata_region_end - __rom_region_start) <= 0x400000)?0x16:((__rodata_region_end - __rom_region_start) <= 0x800000)?0x17:((__rodata_region_end - __rom_region_start) <= 0x1000000)?0x18:((__rodata_region_end - __rom_region_start) <= 0x2000000)?0x19:((__rodata_region_end - __rom_region_start) <= 0x4000000)?0x1a:((__rodata_region_end - __rom_region_start) <= 0x8000000)?0x1b:((__rodata_region_end - __rom_region_start) <= 0x10000000)?0x1c:((__rodata_region_end - __rom_region_start) <= 0x20000000)?0x1d:((__rodata_region_end - __rom_region_start) <= 0x40000000)?0x1e:((__rodata_region_end - __rom_region_start) <= 0x80000000)?0x1f:0x20))
                0x00010000                __rom_region_end = .
                0x20000000                . = 0x20000000
                0x20000000                . = ALIGN (_region_min_align)
                0x20000000                _image_ram_start = .

.ramfunc        0x20000000        0x0 load address 0x0000b298
                0x20000000                . = ALIGN (_region_min_align)
                0x20000000                . = ALIGN ((0x1 << (__ramfunc_size <= 0x4)?0x2:(__ramfunc_size <= 0x8)?0x3:(__ramfunc_size <= 0x10)?0x4:(__ramfunc_size <= 0x20)?0x5:(__ramfunc_size <= 0x40)?0x6:(__ramfunc_size <= 0x80)?0x7:(__ramfunc_size <= 0x100)?0x8:(__ramfunc_size <= 0x200)?0x9:(__ramfunc_size <= 0x400)?0xa:(__ramfunc_size <= 0x800)?0xb:(__ramfunc_size <= 0x1000)?0xc:(__ramfunc_size <= 0x2000)?0xd:(__ramfunc_size <= 0x4000)?0xe:(__ramfunc_size <= 0x8000)?0xf:(__ramfunc_size <= 0x10000)?0x10:(__ramfunc_size <= 0x20000)?0x11:(__ramfunc_size <= 0x40000)?0x12:(__ramfunc_size <= 0x80000)?0x13:(__ramfunc_size <= 0x100000)?0x14:(__ramfunc_size <= 0x200000)?0x15:(__ramfunc_size <= 0x400000)?0x16:(__ramfunc_size <= 0x800000)?0x17:(__ramfunc_size <= 0x1000000)?0x18:(__ramfunc_size <= 0x2000000)?0x19:(__ramfunc_size <= 0x4000000)?0x1a:(__ramfunc_size <= 0x8000000)?0x1b:(__ramfunc_size <= 0x10000000)?0x1c:(__ramfunc_size <= 0x20000000)?0x1d:(__ramfunc_size <= 0x40000000)?0x1e:(__ramfunc_size <= 0x80000000)?0x1f:0x20))
                0x20000000                __ramfunc_start = .
 *(SORT_BY_ALIGNMENT(.ramfunc))
 *(SORT_BY_ALIGNMENT(.ramfunc.*))
                0x20000000                . = ALIGN (_region_min_align)
                0x20000000                . = ALIGN ((0x1 << (__ramfunc_size <= 0x4)?0x2:(__ramfunc_size <= 0x8)?0x3:(__ramfunc_size <= 0x10)?0x4:(__ramfunc_size <= 0x20)?0x5:(__ramfunc_size <= 0x40)?0x6:(__ramfunc_size <= 0x80)?0x7:(__ramfunc_size <= 0x100)?0x8:(__ramfunc_size <= 0x200)?0x9:(__ramfunc_size <= 0x400)?0xa:(__ramfunc_size <= 0x800)?0xb:(__ramfunc_size <= 0x1000)?0xc:(__ramfunc_size <= 0x2000)?0xd:(__ramfunc_size <= 0x4000)?0xe:(__ramfunc_size <= 0x8000)?0xf:(__ramfunc_size <= 0x10000)?0x10:(__ramfunc_size <= 0x20000)?0x11:(__ramfunc_size <= 0x40000)?0x12:(__ramfunc_size <= 0x80000)?0x13:(__ramfunc_size <= 0x100000)?0x14:(__ramfunc_size <= 0x200000)?0x15:(__ramfunc_size <= 0x400000)?0x16:(__ramfunc_size <= 0x800000)?0x17:(__ramfunc_size <= 0x1000000)?0x18:(__ramfunc_size <= 0x2000000)?0x19:(__ramfunc_size <= 0x4000000)?0x1a:(__ramfunc_size <= 0x8000000)?0x1b:(__ramfunc_size <= 0x10000000)?0x1c:(__ramfunc_size <= 0x20000000)?0x1d:(__ramfunc_size <= 0x40000000)?0x1e:(__ramfunc_size <= 0x80000000)?0x1f:0x20))
                0x20000000                __ramfunc_end = .
                0x00000000                __ramfunc_size = (__ramfunc_end - __ramfunc_start)
                0x0000b298                __ramfunc_load_start = LOADADDR (.ramfunc)

datas           0x20000000      0x1ec load address 0x0000b298
                0x20000000                __data_region_start = .
                0x20000000                __data_start = .
 *(SORT_BY_ALIGNMENT(.data))
 *(SORT_BY_ALIGNMENT(.data.*))
 .data.m_data   0x20000000       0xb0 zephyr/drivers/adc/libdrivers__adc.a(adc_nrfx_saadc.c.obj)
 .data.asym_mutex
                0x200000b0        0x8 zephyr/libzephyr.a(nrf_cc3xx_platform_mutex_zephyr.c.obj)
 .data.power_mutex
                0x200000b8        0x8 zephyr/libzephyr.a(nrf_cc3xx_platform_mutex_zephyr.c.obj)
 .data.rng_mutex
                0x200000c0        0x8 zephyr/libzephyr.a(nrf_cc3xx_platform_mutex_zephyr.c.obj)
 .data.sym_mutex
                0x200000c8        0x8 zephyr/libzephyr.a(nrf_cc3xx_platform_mutex_zephyr.c.obj)
 .data._char_out